Archive member included because of file (symbol)

/home/tdwood/CodeSourcery/Sourcery_CodeBench_Lite_for_ARM_EABI/bin/../lib/gcc/arm-none-eabi/4.7.3/libgcc.a(_udivsi3.o)
                              ../Console/printf.o (__aeabi_uidiv)
/home/tdwood/CodeSourcery/Sourcery_CodeBench_Lite_for_ARM_EABI/bin/../lib/gcc/arm-none-eabi/4.7.3/libgcc.a(_dvmd_tls.o)
                              /home/tdwood/CodeSourcery/Sourcery_CodeBench_Lite_for_ARM_EABI/bin/../lib/gcc/arm-none-eabi/4.7.3/libgcc.a(_udivsi3.o) (__aeabi_idiv0)
/home/tdwood/CodeSourcery/Sourcery_CodeBench_Lite_for_ARM_EABI/bin/../lib/gcc/arm-none-eabi/4.7.3/../../../../arm-none-eabi/lib/libc.a(lib_a-memcpy.o)
                              ../../Source/queue.o (memcpy)
/home/tdwood/CodeSourcery/Sourcery_CodeBench_Lite_for_ARM_EABI/bin/../lib/gcc/arm-none-eabi/4.7.3/../../../../arm-none-eabi/lib/libc.a(lib_a-memset.o)
                              ../../Source/tasks.o (memset)
/home/tdwood/CodeSourcery/Sourcery_CodeBench_Lite_for_ARM_EABI/bin/../lib/gcc/arm-none-eabi/4.7.3/../../../../arm-none-eabi/lib/libc.a(lib_a-strncpy.o)
                              ../../Source/tasks.o (strncpy)

Allocating common symbols
Common symbol       size              file

one                 0x4               ../SampleTasks/SampleTasks.o

Discarded input sections

 .group         0x00000000        0x8 ../../Source/portable/GCC/OMAP3_BeagleBoard/portISR.o
 .group         0x00000000        0x8 ../../Source/portable/GCC/OMAP3_BeagleBoard/portISR.o
 .group         0x00000000        0x8 ../../Source/portable/GCC/OMAP3_BeagleBoard/portISR.o
 .group         0x00000000        0x8 ../../Source/portable/GCC/OMAP3_BeagleBoard/portISR.o
 .group         0x00000000        0x8 ../../Source/portable/GCC/OMAP3_BeagleBoard/portISR.o
 .group         0x00000000        0x8 ../../Source/portable/GCC/OMAP3_BeagleBoard/portISR.o
 .group         0x00000000        0x8 ../../Source/portable/GCC/OMAP3_BeagleBoard/portISR.o
 .group         0x00000000        0x8 ../../Source/portable/GCC/OMAP3_BeagleBoard/portISR.o
 .group         0x00000000        0x8 ../../Source/portable/GCC/OMAP3_BeagleBoard/portISR.o
 .group         0x00000000        0x8 ../../Source/portable/GCC/OMAP3_BeagleBoard/portISR.o
 .group         0x00000000        0x8 main.o
 .group         0x00000000        0x8 main.o
 .group         0x00000000        0x8 main.o
 .group         0x00000000        0x8 main.o
 .group         0x00000000        0x8 main.o
 .group         0x00000000        0x8 main.o
 .group         0x00000000        0x8 main.o
 .group         0x00000000        0x8 main.o
 .group         0x00000000        0x8 main.o
 .group         0x00000000        0x8 main.o
 .group         0x00000000        0x8 main.o
 .group         0x00000000        0x8 main.o
 .group         0x00000000        0x8 main.o
 .group         0x00000000        0x8 main.o
 .group         0x00000000        0x8 main.o
 .group         0x00000000        0x8 main.o
 .group         0x00000000        0x8 main.o
 .group         0x00000000        0x8 main.o
 .group         0x00000000        0x8 main.o
 .group         0x00000000        0x8 main.o
 .group         0x00000000        0x8 main.o
 .group         0x00000000        0x8 main.o
 .group         0x00000000        0x8 main.o
 .group         0x00000000        0x8 main.o
 .group         0x00000000        0x8 main.o
 .group         0x00000000        0x8 main.o
 .group         0x00000000        0x8 main.o
 .debug_macro   0x00000000      0x80e main.o
 .debug_macro   0x00000000       0x46 main.o
 .debug_macro   0x00000000      0x714 main.o
 .debug_macro   0x00000000       0xa6 main.o
 .debug_macro   0x00000000       0x97 main.o
 .debug_macro   0x00000000       0x12 main.o
 .debug_macro   0x00000000       0x1f main.o
 .debug_macro   0x00000000      0x1bd main.o
 .debug_macro   0x00000000       0x5e main.o
 .group         0x00000000        0x8 ../../Source/timers.o
 .group         0x00000000        0x8 ../../Source/timers.o
 .group         0x00000000        0x8 ../../Source/timers.o
 .group         0x00000000        0x8 ../../Source/timers.o
 .group         0x00000000        0x8 ../../Source/timers.o
 .group         0x00000000        0x8 ../../Source/timers.o
 .group         0x00000000        0x8 ../../Source/timers.o
 .group         0x00000000        0x8 ../../Source/timers.o
 .group         0x00000000        0x8 ../../Source/timers.o
 .group         0x00000000        0x8 ../../Source/timers.o
 .group         0x00000000        0x8 ../../Source/timers.o
 .group         0x00000000        0x8 ../../Source/timers.o
 .group         0x00000000        0x8 ../../Source/timers.o
 .debug_macro   0x00000000      0x80e ../../Source/timers.o
 .debug_macro   0x00000000      0x16c ../../Source/timers.o
 .debug_macro   0x00000000       0x46 ../../Source/timers.o
 .debug_macro   0x00000000      0x714 ../../Source/timers.o
 .debug_macro   0x00000000       0xa6 ../../Source/timers.o
 .debug_macro   0x00000000       0x97 ../../Source/timers.o
 .debug_macro   0x00000000       0x12 ../../Source/timers.o
 .debug_macro   0x00000000       0x1f ../../Source/timers.o
 .debug_macro   0x00000000      0x1bd ../../Source/timers.o
 .debug_macro   0x00000000       0x49 ../../Source/timers.o
 .debug_macro   0x00000000       0x57 ../../Source/timers.o
 .debug_macro   0x00000000       0x61 ../../Source/timers.o
 .group         0x00000000        0x8 ../../Source/tasks.o
 .group         0x00000000        0x8 ../../Source/tasks.o
 .group         0x00000000        0x8 ../../Source/tasks.o
 .group         0x00000000        0x8 ../../Source/tasks.o
 .group         0x00000000        0x8 ../../Source/tasks.o
 .group         0x00000000        0x8 ../../Source/tasks.o
 .group         0x00000000        0x8 ../../Source/tasks.o
 .group         0x00000000        0x8 ../../Source/tasks.o
 .group         0x00000000        0x8 ../../Source/tasks.o
 .group         0x00000000        0x8 ../../Source/tasks.o
 .group         0x00000000        0x8 ../../Source/tasks.o
 .group         0x00000000        0x8 ../../Source/tasks.o
 .group         0x00000000        0x8 ../../Source/tasks.o
 .group         0x00000000        0x8 ../../Source/tasks.o
 .group         0x00000000        0x8 ../../Source/tasks.o
 .group         0x00000000        0x8 ../../Source/tasks.o
 .group         0x00000000        0x8 ../../Source/tasks.o
 .group         0x00000000        0x8 ../../Source/tasks.o
 .group         0x00000000        0x8 ../../Source/tasks.o
 .group         0x00000000        0x8 ../../Source/tasks.o
 .group         0x00000000        0x8 ../../Source/tasks.o
 .group         0x00000000        0x8 ../../Source/tasks.o
 .group         0x00000000        0x8 ../../Source/tasks.o
 .group         0x00000000        0x8 ../../Source/tasks.o
 .group         0x00000000        0x8 ../../Source/tasks.o
 .group         0x00000000        0x8 ../../Source/tasks.o
 .group         0x00000000        0x8 ../../Source/tasks.o
 .group         0x00000000        0x8 ../../Source/tasks.o
 .debug_macro   0x00000000      0x80e ../../Source/tasks.o
 .debug_macro   0x00000000       0x3a ../../Source/tasks.o
 .debug_macro   0x00000000       0x2e ../../Source/tasks.o
 .debug_macro   0x00000000       0x94 ../../Source/tasks.o
 .debug_macro   0x00000000       0x10 ../../Source/tasks.o
 .debug_macro   0x00000000      0x100 ../../Source/tasks.o
 .debug_macro   0x00000000       0x3a ../../Source/tasks.o
 .debug_macro   0x00000000       0x52 ../../Source/tasks.o
 .debug_macro   0x00000000       0x19 ../../Source/tasks.o
 .debug_macro   0x00000000      0x16d ../../Source/tasks.o
 .debug_macro   0x00000000       0x16 ../../Source/tasks.o
 .debug_macro   0x00000000       0x29 ../../Source/tasks.o
 .debug_macro   0x00000000       0x10 ../../Source/tasks.o
 .debug_macro   0x00000000       0x12 ../../Source/tasks.o
 .debug_macro   0x00000000       0x1c ../../Source/tasks.o
 .debug_macro   0x00000000       0x85 ../../Source/tasks.o
 .debug_macro   0x00000000       0x46 ../../Source/tasks.o
 .debug_macro   0x00000000      0x714 ../../Source/tasks.o
 .debug_macro   0x00000000       0xa6 ../../Source/tasks.o
 .debug_macro   0x00000000       0x97 ../../Source/tasks.o
 .debug_macro   0x00000000       0x12 ../../Source/tasks.o
 .debug_macro   0x00000000       0x1f ../../Source/tasks.o
 .debug_macro   0x00000000      0x1bd ../../Source/tasks.o
 .debug_macro   0x00000000       0x49 ../../Source/tasks.o
 .debug_macro   0x00000000       0x57 ../../Source/tasks.o
 .debug_macro   0x00000000       0x61 ../../Source/tasks.o
 .debug_macro   0x00000000       0x5e ../../Source/tasks.o
 .group         0x00000000        0x8 ../../Source/queue.o
 .group         0x00000000        0x8 ../../Source/queue.o
 .group         0x00000000        0x8 ../../Source/queue.o
 .group         0x00000000        0x8 ../../Source/queue.o
 .group         0x00000000        0x8 ../../Source/queue.o
 .group         0x00000000        0x8 ../../Source/queue.o
 .group         0x00000000        0x8 ../../Source/queue.o
 .group         0x00000000        0x8 ../../Source/queue.o
 .group         0x00000000        0x8 ../../Source/queue.o
 .group         0x00000000        0x8 ../../Source/queue.o
 .group         0x00000000        0x8 ../../Source/queue.o
 .group         0x00000000        0x8 ../../Source/queue.o
 .group         0x00000000        0x8 ../../Source/queue.o
 .group         0x00000000        0x8 ../../Source/queue.o
 .group         0x00000000        0x8 ../../Source/queue.o
 .group         0x00000000        0x8 ../../Source/queue.o
 .group         0x00000000        0x8 ../../Source/queue.o
 .group         0x00000000        0x8 ../../Source/queue.o
 .group         0x00000000        0x8 ../../Source/queue.o
 .group         0x00000000        0x8 ../../Source/queue.o
 .group         0x00000000        0x8 ../../Source/queue.o
 .group         0x00000000        0x8 ../../Source/queue.o
 .group         0x00000000        0x8 ../../Source/queue.o
 .group         0x00000000        0x8 ../../Source/queue.o
 .group         0x00000000        0x8 ../../Source/queue.o
 .group         0x00000000        0x8 ../../Source/queue.o
 .debug_macro   0x00000000      0x80e ../../Source/queue.o
 .debug_macro   0x00000000       0x3a ../../Source/queue.o
 .debug_macro   0x00000000       0x2e ../../Source/queue.o
 .debug_macro   0x00000000       0x94 ../../Source/queue.o
 .debug_macro   0x00000000       0x10 ../../Source/queue.o
 .debug_macro   0x00000000      0x100 ../../Source/queue.o
 .debug_macro   0x00000000       0x3a ../../Source/queue.o
 .debug_macro   0x00000000       0x52 ../../Source/queue.o
 .debug_macro   0x00000000       0x19 ../../Source/queue.o
 .debug_macro   0x00000000      0x16d ../../Source/queue.o
 .debug_macro   0x00000000       0x16 ../../Source/queue.o
 .debug_macro   0x00000000       0x29 ../../Source/queue.o
 .debug_macro   0x00000000       0x10 ../../Source/queue.o
 .debug_macro   0x00000000       0x12 ../../Source/queue.o
 .debug_macro   0x00000000       0x1c ../../Source/queue.o
 .debug_macro   0x00000000       0x85 ../../Source/queue.o
 .debug_macro   0x00000000       0x46 ../../Source/queue.o
 .debug_macro   0x00000000      0x714 ../../Source/queue.o
 .debug_macro   0x00000000       0xa6 ../../Source/queue.o
 .debug_macro   0x00000000       0x97 ../../Source/queue.o
 .debug_macro   0x00000000       0x12 ../../Source/queue.o
 .debug_macro   0x00000000       0x1f ../../Source/queue.o
 .debug_macro   0x00000000      0x1bd ../../Source/queue.o
 .debug_macro   0x00000000       0x49 ../../Source/queue.o
 .debug_macro   0x00000000       0x57 ../../Source/queue.o
 .group         0x00000000        0x8 ../../Source/list.o
 .group         0x00000000        0x8 ../../Source/list.o
 .group         0x00000000        0x8 ../../Source/list.o
 .group         0x00000000        0x8 ../../Source/list.o
 .group         0x00000000        0x8 ../../Source/list.o
 .group         0x00000000        0x8 ../../Source/list.o
 .group         0x00000000        0x8 ../../Source/list.o
 .group         0x00000000        0x8 ../../Source/list.o
 .group         0x00000000        0x8 ../../Source/list.o
 .group         0x00000000        0x8 ../../Source/list.o
 .group         0x00000000        0x8 ../../Source/list.o
 .group         0x00000000        0x8 ../../Source/list.o
 .group         0x00000000        0x8 ../../Source/list.o
 .group         0x00000000        0x8 ../../Source/list.o
 .group         0x00000000        0x8 ../../Source/list.o
 .group         0x00000000        0x8 ../../Source/list.o
 .group         0x00000000        0x8 ../../Source/list.o
 .group         0x00000000        0x8 ../../Source/list.o
 .group         0x00000000        0x8 ../../Source/list.o
 .group         0x00000000        0x8 ../../Source/list.o
 .group         0x00000000        0x8 ../../Source/list.o
 .debug_macro   0x00000000      0x80e ../../Source/list.o
 .debug_macro   0x00000000       0x3a ../../Source/list.o
 .debug_macro   0x00000000       0x2e ../../Source/list.o
 .debug_macro   0x00000000       0x94 ../../Source/list.o
 .debug_macro   0x00000000       0x10 ../../Source/list.o
 .debug_macro   0x00000000      0x100 ../../Source/list.o
 .debug_macro   0x00000000       0x3a ../../Source/list.o
 .debug_macro   0x00000000       0x52 ../../Source/list.o
 .debug_macro   0x00000000       0x19 ../../Source/list.o
 .debug_macro   0x00000000      0x16d ../../Source/list.o
 .debug_macro   0x00000000       0x16 ../../Source/list.o
 .debug_macro   0x00000000       0x29 ../../Source/list.o
 .debug_macro   0x00000000       0x85 ../../Source/list.o
 .debug_macro   0x00000000       0x46 ../../Source/list.o
 .debug_macro   0x00000000      0x714 ../../Source/list.o
 .debug_macro   0x00000000       0xa6 ../../Source/list.o
 .debug_macro   0x00000000       0x97 ../../Source/list.o
 .debug_macro   0x00000000       0x12 ../../Source/list.o
 .debug_macro   0x00000000       0x1f ../../Source/list.o
 .debug_macro   0x00000000      0x1bd ../../Source/list.o
 .debug_macro   0x00000000       0x49 ../../Source/list.o
 .group         0x00000000        0x8 ../../Source/portable/MemMang/heap_2.o
 .group         0x00000000        0x8 ../../Source/portable/MemMang/heap_2.o
 .group         0x00000000        0x8 ../../Source/portable/MemMang/heap_2.o
 .group         0x00000000        0x8 ../../Source/portable/MemMang/heap_2.o
 .group         0x00000000        0x8 ../../Source/portable/MemMang/heap_2.o
 .group         0x00000000        0x8 ../../Source/portable/MemMang/heap_2.o
 .group         0x00000000        0x8 ../../Source/portable/MemMang/heap_2.o
 .group         0x00000000        0x8 ../../Source/portable/MemMang/heap_2.o
 .group         0x00000000        0x8 ../../Source/portable/MemMang/heap_2.o
 .group         0x00000000        0x8 ../../Source/portable/MemMang/heap_2.o
 .group         0x00000000        0x8 ../../Source/portable/MemMang/heap_2.o
 .group         0x00000000        0x8 ../../Source/portable/MemMang/heap_2.o
 .group         0x00000000        0x8 ../../Source/portable/MemMang/heap_2.o
 .group         0x00000000        0x8 ../../Source/portable/MemMang/heap_2.o
 .group         0x00000000        0x8 ../../Source/portable/MemMang/heap_2.o
 .group         0x00000000        0x8 ../../Source/portable/MemMang/heap_2.o
 .group         0x00000000        0x8 ../../Source/portable/MemMang/heap_2.o
 .group         0x00000000        0x8 ../../Source/portable/MemMang/heap_2.o
 .group         0x00000000        0x8 ../../Source/portable/MemMang/heap_2.o
 .group         0x00000000        0x8 ../../Source/portable/MemMang/heap_2.o
 .group         0x00000000        0x8 ../../Source/portable/MemMang/heap_2.o
 .group         0x00000000        0x8 ../../Source/portable/MemMang/heap_2.o
 .debug_macro   0x00000000      0x80e ../../Source/portable/MemMang/heap_2.o
 .debug_macro   0x00000000       0x3a ../../Source/portable/MemMang/heap_2.o
 .debug_macro   0x00000000       0x2e ../../Source/portable/MemMang/heap_2.o
 .debug_macro   0x00000000       0x94 ../../Source/portable/MemMang/heap_2.o
 .debug_macro   0x00000000       0x10 ../../Source/portable/MemMang/heap_2.o
 .debug_macro   0x00000000      0x100 ../../Source/portable/MemMang/heap_2.o
 .debug_macro   0x00000000       0x3a ../../Source/portable/MemMang/heap_2.o
 .debug_macro   0x00000000       0x52 ../../Source/portable/MemMang/heap_2.o
 .debug_macro   0x00000000       0x19 ../../Source/portable/MemMang/heap_2.o
 .debug_macro   0x00000000      0x16d ../../Source/portable/MemMang/heap_2.o
 .debug_macro   0x00000000       0x16 ../../Source/portable/MemMang/heap_2.o
 .debug_macro   0x00000000       0x29 ../../Source/portable/MemMang/heap_2.o
 .debug_macro   0x00000000       0x85 ../../Source/portable/MemMang/heap_2.o
 .debug_macro   0x00000000       0x46 ../../Source/portable/MemMang/heap_2.o
 .debug_macro   0x00000000      0x714 ../../Source/portable/MemMang/heap_2.o
 .debug_macro   0x00000000       0xa6 ../../Source/portable/MemMang/heap_2.o
 .debug_macro   0x00000000       0x97 ../../Source/portable/MemMang/heap_2.o
 .debug_macro   0x00000000       0x12 ../../Source/portable/MemMang/heap_2.o
 .debug_macro   0x00000000       0x1f ../../Source/portable/MemMang/heap_2.o
 .debug_macro   0x00000000      0x1bd ../../Source/portable/MemMang/heap_2.o
 .debug_macro   0x00000000       0x49 ../../Source/portable/MemMang/heap_2.o
 .debug_macro   0x00000000       0x57 ../../Source/portable/MemMang/heap_2.o
 .group         0x00000000        0x8 ../../Source/portable/GCC/OMAP3_BeagleBoard/port.o
 .group         0x00000000        0x8 ../../Source/portable/GCC/OMAP3_BeagleBoard/port.o
 .group         0x00000000        0x8 ../../Source/portable/GCC/OMAP3_BeagleBoard/port.o
 .group         0x00000000        0x8 ../../Source/portable/GCC/OMAP3_BeagleBoard/port.o
 .group         0x00000000        0x8 ../../Source/portable/GCC/OMAP3_BeagleBoard/port.o
 .group         0x00000000        0x8 ../../Source/portable/GCC/OMAP3_BeagleBoard/port.o
 .group         0x00000000        0x8 ../../Source/portable/GCC/OMAP3_BeagleBoard/port.o
 .group         0x00000000        0x8 ../../Source/portable/GCC/OMAP3_BeagleBoard/port.o
 .group         0x00000000        0x8 ../../Source/portable/GCC/OMAP3_BeagleBoard/port.o
 .group         0x00000000        0x8 ../../Source/portable/GCC/OMAP3_BeagleBoard/port.o
 .group         0x00000000        0x8 ../../Source/portable/GCC/OMAP3_BeagleBoard/port.o
 .group         0x00000000        0x8 ../../Source/portable/GCC/OMAP3_BeagleBoard/port.o
 .group         0x00000000        0x8 ../../Source/portable/GCC/OMAP3_BeagleBoard/port.o
 .group         0x00000000        0x8 ../../Source/portable/GCC/OMAP3_BeagleBoard/port.o
 .group         0x00000000        0x8 ../../Source/portable/GCC/OMAP3_BeagleBoard/port.o
 .group         0x00000000        0x8 ../../Source/portable/GCC/OMAP3_BeagleBoard/port.o
 .group         0x00000000        0x8 ../../Source/portable/GCC/OMAP3_BeagleBoard/port.o
 .group         0x00000000        0x8 ../../Source/portable/GCC/OMAP3_BeagleBoard/port.o
 .group         0x00000000        0x8 ../../Source/portable/GCC/OMAP3_BeagleBoard/port.o
 .group         0x00000000        0x8 ../../Source/portable/GCC/OMAP3_BeagleBoard/port.o
 .group         0x00000000        0x8 ../../Source/portable/GCC/OMAP3_BeagleBoard/port.o
 .group         0x00000000        0x8 ../../Source/portable/GCC/OMAP3_BeagleBoard/port.o
 .debug_macro   0x00000000      0x80e ../../Source/portable/GCC/OMAP3_BeagleBoard/port.o
 .debug_macro   0x00000000       0x3a ../../Source/portable/GCC/OMAP3_BeagleBoard/port.o
 .debug_macro   0x00000000       0x2e ../../Source/portable/GCC/OMAP3_BeagleBoard/port.o
 .debug_macro   0x00000000       0x94 ../../Source/portable/GCC/OMAP3_BeagleBoard/port.o
 .debug_macro   0x00000000       0x10 ../../Source/portable/GCC/OMAP3_BeagleBoard/port.o
 .debug_macro   0x00000000      0x100 ../../Source/portable/GCC/OMAP3_BeagleBoard/port.o
 .debug_macro   0x00000000       0x3a ../../Source/portable/GCC/OMAP3_BeagleBoard/port.o
 .debug_macro   0x00000000       0x52 ../../Source/portable/GCC/OMAP3_BeagleBoard/port.o
 .debug_macro   0x00000000       0x19 ../../Source/portable/GCC/OMAP3_BeagleBoard/port.o
 .debug_macro   0x00000000      0x16d ../../Source/portable/GCC/OMAP3_BeagleBoard/port.o
 .debug_macro   0x00000000       0x16 ../../Source/portable/GCC/OMAP3_BeagleBoard/port.o
 .debug_macro   0x00000000       0x29 ../../Source/portable/GCC/OMAP3_BeagleBoard/port.o
 .debug_macro   0x00000000       0x85 ../../Source/portable/GCC/OMAP3_BeagleBoard/port.o
 .debug_macro   0x00000000       0x46 ../../Source/portable/GCC/OMAP3_BeagleBoard/port.o
 .debug_macro   0x00000000      0x714 ../../Source/portable/GCC/OMAP3_BeagleBoard/port.o
 .debug_macro   0x00000000       0xa6 ../../Source/portable/GCC/OMAP3_BeagleBoard/port.o
 .debug_macro   0x00000000       0x97 ../../Source/portable/GCC/OMAP3_BeagleBoard/port.o
 .debug_macro   0x00000000       0x12 ../../Source/portable/GCC/OMAP3_BeagleBoard/port.o
 .debug_macro   0x00000000       0x1f ../../Source/portable/GCC/OMAP3_BeagleBoard/port.o
 .debug_macro   0x00000000      0x1bd ../../Source/portable/GCC/OMAP3_BeagleBoard/port.o
 .debug_macro   0x00000000       0x49 ../../Source/portable/GCC/OMAP3_BeagleBoard/port.o
 .debug_macro   0x00000000       0x57 ../../Source/portable/GCC/OMAP3_BeagleBoard/port.o
 .group         0x00000000        0x8 ../Console/comport.o
 .group         0x00000000        0x8 ../Console/comport.o
 .group         0x00000000        0x8 ../Console/comport.o
 .debug_macro   0x00000000      0x80e ../Console/comport.o
 .debug_macro   0x00000000       0x5e ../Console/comport.o
 .group         0x00000000        0x8 ../Console/ns16550.o
 .group         0x00000000        0x8 ../Console/ns16550.o
 .group         0x00000000        0x8 ../Console/ns16550.o
 .debug_macro   0x00000000      0x80e ../Console/ns16550.o
 .debug_macro   0x00000000       0x5e ../Console/ns16550.o
 .debug_macro   0x00000000       0xbe ../Console/ns16550.o
 .group         0x00000000        0x8 ../Console/printf.o
 .group         0x00000000        0x8 ../Console/printf.o
 .group         0x00000000        0x8 ../Console/printf.o
 .debug_macro   0x00000000      0x80e ../Console/printf.o
 .debug_macro   0x00000000       0x5e ../Console/printf.o
 .group         0x00000000        0x8 ../SampleTasks/SampleTasks.o
 .group         0x00000000        0x8 ../SampleTasks/SampleTasks.o
 .group         0x00000000        0x8 ../SampleTasks/SampleTasks.o
 .group         0x00000000        0x8 ../SampleTasks/SampleTasks.o
 .group         0x00000000        0x8 ../SampleTasks/SampleTasks.o
 .group         0x00000000        0x8 ../SampleTasks/SampleTasks.o
 .group         0x00000000        0x8 ../SampleTasks/SampleTasks.o
 .group         0x00000000        0x8 ../SampleTasks/SampleTasks.o
 .group         0x00000000        0x8 ../SampleTasks/SampleTasks.o
 .group         0x00000000        0x8 ../SampleTasks/SampleTasks.o
 .group         0x00000000        0x8 ../SampleTasks/SampleTasks.o
 .group         0x00000000        0x8 ../SampleTasks/SampleTasks.o
 .group         0x00000000        0x8 ../SampleTasks/SampleTasks.o
 .group         0x00000000        0x8 ../SampleTasks/SampleTasks.o
 .debug_macro   0x00000000      0x80e ../SampleTasks/SampleTasks.o
 .debug_macro   0x00000000      0x16c ../SampleTasks/SampleTasks.o
 .debug_macro   0x00000000       0x46 ../SampleTasks/SampleTasks.o
 .debug_macro   0x00000000      0x714 ../SampleTasks/SampleTasks.o
 .debug_macro   0x00000000       0xa6 ../SampleTasks/SampleTasks.o
 .debug_macro   0x00000000       0x97 ../SampleTasks/SampleTasks.o
 .debug_macro   0x00000000       0x12 ../SampleTasks/SampleTasks.o
 .debug_macro   0x00000000       0x1f ../SampleTasks/SampleTasks.o
 .debug_macro   0x00000000      0x1bd ../SampleTasks/SampleTasks.o
 .debug_macro   0x00000000       0x49 ../SampleTasks/SampleTasks.o
 .debug_macro   0x00000000       0x57 ../SampleTasks/SampleTasks.o
 .debug_macro   0x00000000       0x6a ../SampleTasks/SampleTasks.o
 .debug_macro   0x00000000       0x5e ../SampleTasks/SampleTasks.o

Memory Configuration

Name             Origin             Length             Attributes
q0               0x00000000         0x3e800000
q1               0x40000000         0x3e800000
loady            0x80300000         0x00100000
*default*        0x00000000         0xffffffff

Linker script and memory map

LOAD ../../Source/portable/GCC/OMAP3_BeagleBoard/portISR.o
LOAD main.o
LOAD ../../Source/timers.o
LOAD ../../Source/tasks.o
LOAD ../../Source/queue.o
LOAD ../../Source/list.o
LOAD ../../Source/portable/MemMang/heap_2.o
LOAD ../../Source/portable/GCC/OMAP3_BeagleBoard/port.o
LOAD ../Console/comport.o
LOAD ../Console/ns16550.o
LOAD ../Console/printf.o
LOAD ../SampleTasks/SampleTasks.o
LOAD /tmp/cci0HLRf.o
START GROUP
LOAD /home/tdwood/CodeSourcery/Sourcery_CodeBench_Lite_for_ARM_EABI/bin/../lib/gcc/arm-none-eabi/4.7.3/libgcc.a
LOAD /home/tdwood/CodeSourcery/Sourcery_CodeBench_Lite_for_ARM_EABI/bin/../lib/gcc/arm-none-eabi/4.7.3/../../../../arm-none-eabi/lib/libc.a
END GROUP
                0x8080fffc                __stack_end__ = 0x8080fffc
                0x00000000                . = 0x0

startup         0x80300000       0x44
 *(.startup)
 .startup       0x80300000       0x44 /tmp/cci0HLRf.o

prog            0x80300044     0x5a38
 *(.text)
 .text          0x80300044      0x29c ../../Source/portable/GCC/OMAP3_BeagleBoard/portISR.o
                0x80300044                vPortISRStartFirstTask
                0x80300090                vIRQHandler
                0x80300154                vPortYieldProcessor
                0x80300208                vTickISR
                0x80300248                vPortEnterCritical
                0x8030027c                vPortExitCritical
 .text          0x803002e0      0x1fc main.o
                0x803002e0                main
 .text          0x803004dc      0x93c ../../Source/timers.o
                0x803004dc                xTimerCreateTimerTask
                0x80300554                xTimerCreate
                0x803005fc                xTimerGenericCommand
                0x80300dac                xTimerIsTimerActive
                0x80300df4                pvTimerGetTimerID
 .text          0x80300e18     0x18c8 ../../Source/tasks.o
                0x80300e18                xTaskGenericCreate
                0x80301084                vTaskDelete
                0x80301188                vTaskDelayUntil
                0x80301298                vTaskDelay
                0x80301314                uxTaskPriorityGet
                0x80301368                vTaskPrioritySet
                0x80301514                vTaskSuspend
                0x8030161c                xTaskIsTaskSuspended
                0x8030168c                vTaskResume
                0x80301784                xTaskResumeFromISR
                0x80301898                vTaskStartScheduler
                0x80301940                vTaskEndScheduler
                0x80301970                vTaskSuspendAll
                0x80301990                xTaskResumeAll
                0x80301b50                xTaskGetTickCount
                0x80301b80                xTaskGetTickCountFromISR
                0x80301bac                uxTaskGetNumberOfTasks
                0x80301bc0                vTaskIncrementTick
                0x80301e14                vTaskSwitchContext
                0x80301f24                vTaskPlaceOnEventList
                0x80301fc0                vTaskPlaceOnEventListRestricted
                0x8030202c                xTaskRemoveFromEventList
                0x80302144                vTaskSetTimeOutState
                0x8030217c                xTaskCheckForTimeOut
                0x80302274                vTaskMissedYield
                0x80302684                xTaskGetSchedulerState
 .text          0x803026e0      0xb44 ../../Source/queue.o
                0x803026e0                xQueueCreate
                0x80302828                xQueueGenericSend
                0x803029d0                xQueueGenericSendFromISR
                0x80302a9c                xQueueGenericReceive
                0x80302ca4                xQueueReceiveFromISR
                0x80302d74                uxQueueMessagesWaiting
                0x80302da4                uxQueueMessagesWaitingFromISR
                0x80302dc8                vQueueDelete
                0x803030e8                xQueueIsQueueEmptyFromISR
                0x80303164                xQueueIsQueueFullFromISR
                0x803031a0                vQueueWaitForMessageRestricted
 .text          0x80303224      0x24c ../../Source/list.o
                0x80303224                vListInitialise
                0x8030327c                vListInitialiseItem
                0x80303298                vListInsertEnd
                0x80303320                vListInsert
                0x803033e8                vListRemove
 .text          0x80303470      0x37c ../../Source/portable/MemMang/heap_2.o
                0x80303470                pvPortMalloc
                0x80303700                vPortFree
                0x803037d4                xPortGetFreeHeapSize
                0x803037e8                vPortInitialiseBlocks
 .text          0x803037ec      0x378 ../../Source/portable/GCC/OMAP3_BeagleBoard/port.o
                0x803037ec                pxPortInitialiseStack
                0x80303a14                xPortStartScheduler
                0x80303a44                vPortEndScheduler
 .text          0x80303b64      0x158 ../Console/comport.o
                0x80303b70                serial_init
                0x80303ba8                serial_putc
                0x80303c00                serial_puts
                0x80303c44                serial_getc
                0x80303c68                serial_tstc
                0x80303c8c                serial_setbrg
 .text          0x80303cbc      0x198 ../Console/ns16550.o
                0x80303cbc                NS16550_init
                0x80303d30                NS16550_reinit
                0x80303da4                NS16550_putc
                0x80303de4                NS16550_getc
                0x80303e20                NS16550_tstc
 .text          0x80303e54     0x10fc ../Console/printf.o
                0x80303e54                strnlen
                0x80304c3c                serial_printf
                0x80304c84                memdump_32
 .text          0x80304f50      0x290 ../SampleTasks/SampleTasks.o
                0x80304f50                HelloWorld1
                0x80304fa0                HelloWorld2
                0x80305118                FlashLED1
                0x8030517c                FlashLED2
 .text          0x803051e0      0x108 /tmp/cci0HLRf.o
                0x803051e0                start
                0x803052c4                endless_loop
 .text          0x803052e8      0x114 /home/tdwood/CodeSourcery/Sourcery_CodeBench_Lite_for_ARM_EABI/bin/../lib/gcc/arm-none-eabi/4.7.3/libgcc.a(_udivsi3.o)
                0x803052e8                __udivsi3
                0x803052e8                __aeabi_uidiv
                0x803053dc                __aeabi_uidivmod
 .text          0x803053fc        0x4 /home/tdwood/CodeSourcery/Sourcery_CodeBench_Lite_for_ARM_EABI/bin/../lib/gcc/arm-none-eabi/4.7.3/libgcc.a(_dvmd_tls.o)
                0x803053fc                __aeabi_ldiv0
                0x803053fc                __aeabi_idiv0
 .text          0x80305400      0x20c /home/tdwood/CodeSourcery/Sourcery_CodeBench_Lite_for_ARM_EABI/bin/../lib/gcc/arm-none-eabi/4.7.3/../../../../arm-none-eabi/lib/libc.a(lib_a-memcpy.o)
                0x80305400                memcpy
 .text          0x8030560c      0x134 /home/tdwood/CodeSourcery/Sourcery_CodeBench_Lite_for_ARM_EABI/bin/../lib/gcc/arm-none-eabi/4.7.3/../../../../arm-none-eabi/lib/libc.a(lib_a-memset.o)
                0x8030560c                memset
 .text          0x80305740       0xc8 /home/tdwood/CodeSourcery/Sourcery_CodeBench_Lite_for_ARM_EABI/bin/../lib/gcc/arm-none-eabi/4.7.3/../../../../arm-none-eabi/lib/libc.a(lib_a-strncpy.o)
                0x80305740                strncpy
 *(.rodata)
 .rodata        0x80305808       0xec main.o
 .rodata        0x803058f4        0x8 ../../Source/timers.o
 .rodata        0x803058fc        0x8 ../../Source/tasks.o
 .rodata        0x80305904        0x2 ../../Source/portable/MemMang/heap_2.o
 *fill*         0x80305906        0x2 
 .rodata        0x80305908       0x4c ../../Source/portable/GCC/OMAP3_BeagleBoard/port.o
 .rodata        0x80305954       0xfc ../Console/printf.o
 .rodata        0x80305a50       0x2c ../SampleTasks/SampleTasks.o
 *(.rodata*)
 *(.glue_7)
 .glue_7        0x00000000        0x0 linker stubs
 *(.glue_7t)
 .glue_7t       0x00000000        0x0 linker stubs
                0x80305a7c                __end_of_text__ = .

.data           0x80305a7c       0x14
                0x80305a7c                __data_beg__ = .
                0x80305a7c                __data_beg_src__ = __end_of_text__
 *(.data)
 .data          0x80305a7c        0x4 ../../Source/portable/GCC/OMAP3_BeagleBoard/portISR.o
                0x80305a7c                ulCriticalNesting
 .data          0x80305a80        0x0 main.o
 .data          0x80305a80        0x0 ../../Source/timers.o
 .data          0x80305a80        0x4 ../../Source/tasks.o
 .data          0x80305a84        0x0 ../../Source/queue.o
 .data          0x80305a84        0x0 ../../Source/list.o
 .data          0x80305a84        0x4 ../../Source/portable/MemMang/heap_2.o
 .data          0x80305a88        0x0 ../../Source/portable/GCC/OMAP3_BeagleBoard/port.o
 .data          0x80305a88        0x4 ../Console/comport.o
 .data          0x80305a8c        0x0 ../Console/ns16550.o
 .data          0x80305a8c        0x0 ../Console/printf.o
 .data          0x80305a8c        0x4 ../SampleTasks/SampleTasks.o
                0x80305a8c                MAX123
 .data          0x80305a90        0x0 /tmp/cci0HLRf.o
 .data          0x80305a90        0x0 /home/tdwood/CodeSourcery/Sourcery_CodeBench_Lite_for_ARM_EABI/bin/../lib/gcc/arm-none-eabi/4.7.3/libgcc.a(_udivsi3.o)
 .data          0x80305a90        0x0 /home/tdwood/CodeSourcery/Sourcery_CodeBench_Lite_for_ARM_EABI/bin/../lib/gcc/arm-none-eabi/4.7.3/libgcc.a(_dvmd_tls.o)
 .data          0x80305a90        0x0 /home/tdwood/CodeSourcery/Sourcery_CodeBench_Lite_for_ARM_EABI/bin/../lib/gcc/arm-none-eabi/4.7.3/../../../../arm-none-eabi/lib/libc.a(lib_a-memcpy.o)
 .data          0x80305a90        0x0 /home/tdwood/CodeSourcery/Sourcery_CodeBench_Lite_for_ARM_EABI/bin/../lib/gcc/arm-none-eabi/4.7.3/../../../../arm-none-eabi/lib/libc.a(lib_a-memset.o)
 .data          0x80305a90        0x0 /home/tdwood/CodeSourcery/Sourcery_CodeBench_Lite_for_ARM_EABI/bin/../lib/gcc/arm-none-eabi/4.7.3/../../../../arm-none-eabi/lib/libc.a(lib_a-strncpy.o)
                0x80305a90                __data_end__ = .

.igot.plt       0x80305a90        0x0
 .igot.plt      0x00000000        0x0 ../../Source/portable/GCC/OMAP3_BeagleBoard/portISR.o

.bss            0x80305a90     0x6154
                0x80305a90                __bss_beg__ = .
 *(.bss)
 .bss           0x80305a90        0x0 ../../Source/portable/GCC/OMAP3_BeagleBoard/portISR.o
 .bss           0x80305a90        0x0 main.o
 .bss           0x80305a90       0x38 ../../Source/timers.o
 .bss           0x80305ac8      0x100 ../../Source/tasks.o
                0x80305ac8                pxCurrentTCB
 .bss           0x80305bc8        0x0 ../../Source/queue.o
 .bss           0x80305bc8        0x0 ../../Source/list.o
 .bss           0x80305bc8     0x6018 ../../Source/portable/MemMang/heap_2.o
 .bss           0x8030bbe0        0x0 ../../Source/portable/GCC/OMAP3_BeagleBoard/port.o
 .bss           0x8030bbe0        0x0 ../Console/comport.o
 .bss           0x8030bbe0        0x0 ../Console/ns16550.o
 .bss           0x8030bbe0        0x0 ../Console/printf.o
 .bss           0x8030bbe0        0x0 ../SampleTasks/SampleTasks.o
 .bss           0x8030bbe0        0x0 /tmp/cci0HLRf.o
 .bss           0x8030bbe0        0x0 /home/tdwood/CodeSourcery/Sourcery_CodeBench_Lite_for_ARM_EABI/bin/../lib/gcc/arm-none-eabi/4.7.3/libgcc.a(_udivsi3.o)
 .bss           0x8030bbe0        0x0 /home/tdwood/CodeSourcery/Sourcery_CodeBench_Lite_for_ARM_EABI/bin/../lib/gcc/arm-none-eabi/4.7.3/libgcc.a(_dvmd_tls.o)
 .bss           0x8030bbe0        0x0 /home/tdwood/CodeSourcery/Sourcery_CodeBench_Lite_for_ARM_EABI/bin/../lib/gcc/arm-none-eabi/4.7.3/../../../../arm-none-eabi/lib/libc.a(lib_a-memcpy.o)
 .bss           0x8030bbe0        0x0 /home/tdwood/CodeSourcery/Sourcery_CodeBench_Lite_for_ARM_EABI/bin/../lib/gcc/arm-none-eabi/4.7.3/../../../../arm-none-eabi/lib/libc.a(lib_a-memset.o)
 .bss           0x8030bbe0        0x0 /home/tdwood/CodeSourcery/Sourcery_CodeBench_Lite_for_ARM_EABI/bin/../lib/gcc/arm-none-eabi/4.7.3/../../../../arm-none-eabi/lib/libc.a(lib_a-strncpy.o)
 COMMON         0x8030bbe0        0x4 ../SampleTasks/SampleTasks.o
                0x8030bbe0                one
                0x8030bbe4                . = ALIGN (0x4)

.eh_frame
 *(.eh_frame)
                0x8030bbe4                . = ALIGN (0x4)
                0x8030bbe4                . = ALIGN (0x4)
                0x8030bbe4                _end = .
                0x8030bbe4                _bss_end__ = .
                0x8030bbe4                __bss_end__ = .
                0x8030bbe4                __end__ = .
                0x8030bbe4                PROVIDE (end, .)
Address of section .text set to 0x80300000
OUTPUT(rtosdemo.elf elf32-littlearm)

.text           0x80300000        0x0

.vfp11_veneer   0x8030bbe4        0x0
 .vfp11_veneer  0x00000000        0x0 linker stubs

.v4_bx          0x8030bbe4        0x0
 .v4_bx         0x00000000        0x0 linker stubs

.iplt           0x8030bbe4        0x0
 .iplt          0x00000000        0x0 ../../Source/portable/GCC/OMAP3_BeagleBoard/portISR.o

.rel.dyn        0x8030bbe4        0x0
 .rel.iplt      0x00000000        0x0 ../../Source/portable/GCC/OMAP3_BeagleBoard/portISR.o

.debug_info     0x00000000     0x30cc
 .debug_info    0x00000000      0x1d3 ../../Source/portable/GCC/OMAP3_BeagleBoard/portISR.o
 .debug_info    0x000001d3       0xd8 main.o
 .debug_info    0x000002ab      0x746 ../../Source/timers.o
 .debug_info    0x000009f1      0xd43 ../../Source/tasks.o
 .debug_info    0x00001734      0x783 ../../Source/queue.o
 .debug_info    0x00001eb7      0x2b6 ../../Source/list.o
 .debug_info    0x0000216d      0x2c0 ../../Source/portable/MemMang/heap_2.o
 .debug_info    0x0000242d      0x180 ../../Source/portable/GCC/OMAP3_BeagleBoard/port.o
 .debug_info    0x000025ad      0x266 ../Console/comport.o
 .debug_info    0x00002813      0x253 ../Console/ns16550.o
 .debug_info    0x00002a66      0x410 ../Console/printf.o
 .debug_info    0x00002e76      0x1f8 ../SampleTasks/SampleTasks.o
 .debug_info    0x0000306e       0x5e /tmp/cci0HLRf.o

.debug_abbrev   0x00000000      0xd94
 .debug_abbrev  0x00000000       0xda ../../Source/portable/GCC/OMAP3_BeagleBoard/portISR.o
 .debug_abbrev  0x000000da       0x82 main.o
 .debug_abbrev  0x0000015c      0x178 ../../Source/timers.o
 .debug_abbrev  0x000002d4      0x1d2 ../../Source/tasks.o
 .debug_abbrev  0x000004a6      0x16f ../../Source/queue.o
 .debug_abbrev  0x00000615       0xbf ../../Source/list.o
 .debug_abbrev  0x000006d4      0x16b ../../Source/portable/MemMang/heap_2.o
 .debug_abbrev  0x0000083f      0x105 ../../Source/portable/GCC/OMAP3_BeagleBoard/port.o
 .debug_abbrev  0x00000944      0x10a ../Console/comport.o
 .debug_abbrev  0x00000a4e       0xeb ../Console/ns16550.o
 .debug_abbrev  0x00000b39      0x187 ../Console/printf.o
 .debug_abbrev  0x00000cc0       0xc2 ../SampleTasks/SampleTasks.o
 .debug_abbrev  0x00000d82       0x12 /tmp/cci0HLRf.o

.debug_aranges  0x00000000      0x1a8
 .debug_aranges
                0x00000000       0x20 ../../Source/portable/GCC/OMAP3_BeagleBoard/portISR.o
 .debug_aranges
                0x00000020       0x20 main.o
 .debug_aranges
                0x00000040       0x20 ../../Source/timers.o
 .debug_aranges
                0x00000060       0x20 ../../Source/tasks.o
 .debug_aranges
                0x00000080       0x20 ../../Source/queue.o
 .debug_aranges
                0x000000a0       0x20 ../../Source/list.o
 .debug_aranges
                0x000000c0       0x20 ../../Source/portable/MemMang/heap_2.o
 .debug_aranges
                0x000000e0       0x20 ../../Source/portable/GCC/OMAP3_BeagleBoard/port.o
 .debug_aranges
                0x00000100       0x20 ../Console/comport.o
 .debug_aranges
                0x00000120       0x20 ../Console/ns16550.o
 .debug_aranges
                0x00000140       0x20 ../Console/printf.o
 .debug_aranges
                0x00000160       0x20 ../SampleTasks/SampleTasks.o
 .debug_aranges
                0x00000180       0x28 /tmp/cci0HLRf.o

.debug_macro    0x00000000     0x2877
 .debug_macro   0x00000000       0x7c ../../Source/portable/GCC/OMAP3_BeagleBoard/portISR.o
 .debug_macro   0x0000007c      0x80e ../../Source/portable/GCC/OMAP3_BeagleBoard/portISR.o
 .debug_macro   0x0000088a      0x16c ../../Source/portable/GCC/OMAP3_BeagleBoard/portISR.o
 .debug_macro   0x000009f6       0x46 ../../Source/portable/GCC/OMAP3_BeagleBoard/portISR.o
 .debug_macro   0x00000a3c      0x714 ../../Source/portable/GCC/OMAP3_BeagleBoard/portISR.o
 .debug_macro   0x00001150       0xa6 ../../Source/portable/GCC/OMAP3_BeagleBoard/portISR.o
 .debug_macro   0x000011f6       0x97 ../../Source/portable/GCC/OMAP3_BeagleBoard/portISR.o
 .debug_macro   0x0000128d       0x12 ../../Source/portable/GCC/OMAP3_BeagleBoard/portISR.o
 .debug_macro   0x0000129f       0x1f ../../Source/portable/GCC/OMAP3_BeagleBoard/portISR.o
 .debug_macro   0x000012be      0x1bd ../../Source/portable/GCC/OMAP3_BeagleBoard/portISR.o
 .debug_macro   0x0000147b       0x5e ../../Source/portable/GCC/OMAP3_BeagleBoard/portISR.o
 .debug_macro   0x000014d9      0x1c9 main.o
 .debug_macro   0x000016a2       0x3a main.o
 .debug_macro   0x000016dc       0x2e main.o
 .debug_macro   0x0000170a       0x94 main.o
 .debug_macro   0x0000179e       0x10 main.o
 .debug_macro   0x000017ae      0x100 main.o
 .debug_macro   0x000018ae       0x3a main.o
 .debug_macro   0x000018e8       0x52 main.o
 .debug_macro   0x0000193a       0x19 main.o
 .debug_macro   0x00001953      0x16d main.o
 .debug_macro   0x00001ac0       0x16 main.o
 .debug_macro   0x00001ad6       0x29 main.o
 .debug_macro   0x00001aff       0x10 main.o
 .debug_macro   0x00001b0f       0x12 main.o
 .debug_macro   0x00001b21       0x1c main.o
 .debug_macro   0x00001b3d       0x85 main.o
 .debug_macro   0x00001bc2       0x49 main.o
 .debug_macro   0x00001c0b       0x57 main.o
 .debug_macro   0x00001c62       0x61 main.o
 .debug_macro   0x00001cc3       0xa9 ../../Source/timers.o
 .debug_macro   0x00001d6c       0x6a ../../Source/timers.o
 .debug_macro   0x00001dd6      0x1c3 ../../Source/tasks.o
 .debug_macro   0x00001f99       0x16 ../../Source/tasks.o
 .debug_macro   0x00001faf      0x1bb ../../Source/queue.o
 .debug_macro   0x0000216a       0x49 ../../Source/queue.o
 .debug_macro   0x000021b3      0x12d ../../Source/list.o
 .debug_macro   0x000022e0      0x15b ../../Source/portable/MemMang/heap_2.o
 .debug_macro   0x0000243b      0x154 ../../Source/portable/GCC/OMAP3_BeagleBoard/port.o
 .debug_macro   0x0000258f       0x23 ../Console/comport.o
 .debug_macro   0x000025b2       0xbe ../Console/comport.o
 .debug_macro   0x00002670       0x35 ../Console/ns16550.o
 .debug_macro   0x000026a5       0x59 ../Console/printf.o
 .debug_macro   0x000026fe       0x58 ../Console/printf.o
 .debug_macro   0x00002756       0xbf ../SampleTasks/SampleTasks.o
 .debug_macro   0x00002815       0x62 ../SampleTasks/SampleTasks.o

.debug_line     0x00000000     0x28f6
 .debug_line    0x00000000      0x1f5 ../../Source/portable/GCC/OMAP3_BeagleBoard/portISR.o
 .debug_line    0x000001f5      0x425 main.o
 .debug_line    0x0000061a      0x289 ../../Source/timers.o
 .debug_line    0x000008a3      0x73e ../../Source/tasks.o
 .debug_line    0x00000fe1      0x54e ../../Source/queue.o
 .debug_line    0x0000152f      0x3f8 ../../Source/list.o
 .debug_line    0x00001927      0x44b ../../Source/portable/MemMang/heap_2.o
 .debug_line    0x00001d72      0x42d ../../Source/portable/GCC/OMAP3_BeagleBoard/port.o
 .debug_line    0x0000219f       0x92 ../Console/comport.o
 .debug_line    0x00002231       0x9d ../Console/ns16550.o
 .debug_line    0x000022ce      0x31a ../Console/printf.o
 .debug_line    0x000025e8      0x284 ../SampleTasks/SampleTasks.o
 .debug_line    0x0000286c       0x8a /tmp/cci0HLRf.o

.debug_str      0x00000000     0xb14f
 .debug_str     0x00000000     0x5297 ../../Source/portable/GCC/OMAP3_BeagleBoard/portISR.o
                               0x532e (size before relaxing)
 .debug_str     0x00005297     0x2a1a main.o
                               0x7cbe (size before relaxing)
 .debug_str     0x00007cb1      0xb84 ../../Source/timers.o
                               0x6945 (size before relaxing)
 .debug_str     0x00008835      0xb8a ../../Source/tasks.o
                               0x86a3 (size before relaxing)
 .debug_str     0x000093bf      0xad0 ../../Source/queue.o
                               0x7f92 (size before relaxing)
 .debug_str     0x00009e8f       0xa7 ../../Source/list.o
                               0x70af (size before relaxing)
 .debug_str     0x00009f36      0x460 ../../Source/portable/MemMang/heap_2.o
                               0x7755 (size before relaxing)
 .debug_str     0x0000a396      0x179 ../../Source/portable/GCC/OMAP3_BeagleBoard/port.o
                               0x745f (size before relaxing)
 .debug_str     0x0000a50f      0x247 ../Console/comport.o
                               0x2611 (size before relaxing)
 .debug_str     0x0000a756       0xc3 ../Console/ns16550.o
                               0x2652 (size before relaxing)
 .debug_str     0x0000a819      0x2bb ../Console/printf.o
                               0x26ef (size before relaxing)
 .debug_str     0x0000aad4      0x67b ../SampleTasks/SampleTasks.o
                               0x6718 (size before relaxing)

.comment        0x00000000       0x30
 .comment       0x00000000       0x30 ../../Source/portable/GCC/OMAP3_BeagleBoard/portISR.o
                                 0x31 (size before relaxing)
 .comment       0x00000000       0x31 main.o
 .comment       0x00000000       0x31 ../../Source/timers.o
 .comment       0x00000000       0x31 ../../Source/tasks.o
 .comment       0x00000000       0x31 ../../Source/queue.o
 .comment       0x00000000       0x31 ../../Source/list.o
 .comment       0x00000000       0x31 ../../Source/portable/MemMang/heap_2.o
 .comment       0x00000000       0x31 ../../Source/portable/GCC/OMAP3_BeagleBoard/port.o
 .comment       0x00000000       0x31 ../Console/comport.o
 .comment       0x00000000       0x31 ../Console/ns16550.o
 .comment       0x00000000       0x31 ../Console/printf.o
 .comment       0x00000000       0x31 ../SampleTasks/SampleTasks.o

.ARM.attributes
                0x00000000       0x35
 .ARM.attributes
                0x00000000       0x37 ../../Source/portable/GCC/OMAP3_BeagleBoard/portISR.o
 .ARM.attributes
                0x00000037       0x37 main.o
 .ARM.attributes
                0x0000006e       0x37 ../../Source/timers.o
 .ARM.attributes
                0x000000a5       0x37 ../../Source/tasks.o
 .ARM.attributes
                0x000000dc       0x37 ../../Source/queue.o
 .ARM.attributes
                0x00000113       0x37 ../../Source/list.o
 .ARM.attributes
                0x0000014a       0x37 ../../Source/portable/MemMang/heap_2.o
 .ARM.attributes
                0x00000181       0x37 ../../Source/portable/GCC/OMAP3_BeagleBoard/port.o
 .ARM.attributes
                0x000001b8       0x37 ../Console/comport.o
 .ARM.attributes
                0x000001ef       0x37 ../Console/ns16550.o
 .ARM.attributes
                0x00000226       0x37 ../Console/printf.o
 .ARM.attributes
                0x0000025d       0x37 ../SampleTasks/SampleTasks.o
 .ARM.attributes
                0x00000294       0x25 /tmp/cci0HLRf.o
 .ARM.attributes
                0x000002b9       0x18 /home/tdwood/CodeSourcery/Sourcery_CodeBench_Lite_for_ARM_EABI/bin/../lib/gcc/arm-none-eabi/4.7.3/libgcc.a(_udivsi3.o)
 .ARM.attributes
                0x000002d1       0x18 /home/tdwood/CodeSourcery/Sourcery_CodeBench_Lite_for_ARM_EABI/bin/../lib/gcc/arm-none-eabi/4.7.3/libgcc.a(_dvmd_tls.o)
 .ARM.attributes
                0x000002e9       0x30 /home/tdwood/CodeSourcery/Sourcery_CodeBench_Lite_for_ARM_EABI/bin/../lib/gcc/arm-none-eabi/4.7.3/../../../../arm-none-eabi/lib/libc.a(lib_a-memcpy.o)
 .ARM.attributes
                0x00000319       0x30 /home/tdwood/CodeSourcery/Sourcery_CodeBench_Lite_for_ARM_EABI/bin/../lib/gcc/arm-none-eabi/4.7.3/../../../../arm-none-eabi/lib/libc.a(lib_a-memset.o)
 .ARM.attributes
                0x00000349       0x30 /home/tdwood/CodeSourcery/Sourcery_CodeBench_Lite_for_ARM_EABI/bin/../lib/gcc/arm-none-eabi/4.7.3/../../../../arm-none-eabi/lib/libc.a(lib_a-strncpy.o)

.debug_frame    0x00000000      0xad0
 .debug_frame   0x00000000       0x70 ../../Source/portable/GCC/OMAP3_BeagleBoard/portISR.o
 .debug_frame   0x00000070       0x38 main.o
 .debug_frame   0x000000a8      0x158 ../../Source/timers.o
 .debug_frame   0x00000200      0x300 ../../Source/tasks.o
 .debug_frame   0x00000500      0x184 ../../Source/queue.o
 .debug_frame   0x00000684       0x74 ../../Source/list.o
 .debug_frame   0x000006f8       0x60 ../../Source/portable/MemMang/heap_2.o
 .debug_frame   0x00000758       0x60 ../../Source/portable/GCC/OMAP3_BeagleBoard/port.o
 .debug_frame   0x000007b8       0xb0 ../Console/comport.o
 .debug_frame   0x00000868       0x74 ../Console/ns16550.o
 .debug_frame   0x000008dc       0xb8 ../Console/printf.o
 .debug_frame   0x00000994       0x98 ../SampleTasks/SampleTasks.o
 .debug_frame   0x00000a2c       0x20 /home/tdwood/CodeSourcery/Sourcery_CodeBench_Lite_for_ARM_EABI/bin/../lib/gcc/arm-none-eabi/4.7.3/libgcc.a(_udivsi3.o)
 .debug_frame   0x00000a4c       0x30 /home/tdwood/CodeSourcery/Sourcery_CodeBench_Lite_for_ARM_EABI/bin/../lib/gcc/arm-none-eabi/4.7.3/../../../../arm-none-eabi/lib/libc.a(lib_a-memcpy.o)
 .debug_frame   0x00000a7c       0x28 /home/tdwood/CodeSourcery/Sourcery_CodeBench_Lite_for_ARM_EABI/bin/../lib/gcc/arm-none-eabi/4.7.3/../../../../arm-none-eabi/lib/libc.a(lib_a-memset.o)
 .debug_frame   0x00000aa4       0x2c /home/tdwood/CodeSourcery/Sourcery_CodeBench_Lite_for_ARM_EABI/bin/../lib/gcc/arm-none-eabi/4.7.3/../../../../arm-none-eabi/lib/libc.a(lib_a-strncpy.o)

.debug_loc      0x00000000      0xec4
 .debug_loc     0x00000000       0x2c main.o
 .debug_loc     0x0000002c      0x244 ../../Source/timers.o
 .debug_loc     0x00000270      0x4e0 ../../Source/tasks.o
 .debug_loc     0x00000750      0x29c ../../Source/queue.o
 .debug_loc     0x000009ec       0xa0 ../../Source/list.o
 .debug_loc     0x00000a8c       0x58 ../../Source/portable/MemMang/heap_2.o
 .debug_loc     0x00000ae4       0x60 ../../Source/portable/GCC/OMAP3_BeagleBoard/port.o
 .debug_loc     0x00000b44       0xf0 ../Console/comport.o
 .debug_loc     0x00000c34       0xa0 ../Console/ns16550.o
 .debug_loc     0x00000cd4      0x100 ../Console/printf.o
 .debug_loc     0x00000dd4       0xf0 ../SampleTasks/SampleTasks.o

.debug_ranges   0x00000000       0x20
 .debug_ranges  0x00000000       0x20 /tmp/cci0HLRf.o
