Archive member included because of file (symbol)

/home/tdwood/CodeSourcery/Sourcery_CodeBench_Lite_for_ARM_EABI/bin/../lib/gcc/arm-none-eabi/4.7.3/libgcc.a(_udivsi3.o)
                              ../Console/printk.o (__aeabi_uidiv)
/home/tdwood/CodeSourcery/Sourcery_CodeBench_Lite_for_ARM_EABI/bin/../lib/gcc/arm-none-eabi/4.7.3/libgcc.a(_dvmd_tls.o)
                              /home/tdwood/CodeSourcery/Sourcery_CodeBench_Lite_for_ARM_EABI/bin/../lib/gcc/arm-none-eabi/4.7.3/libgcc.a(_udivsi3.o) (__aeabi_idiv0)
/home/tdwood/CodeSourcery/Sourcery_CodeBench_Lite_for_ARM_EABI/bin/../lib/gcc/arm-none-eabi/4.7.3/../../../../arm-none-eabi/lib/libc.a(lib_a-memcpy.o)
                              ../../Source/queue.o (memcpy)
/home/tdwood/CodeSourcery/Sourcery_CodeBench_Lite_for_ARM_EABI/bin/../lib/gcc/arm-none-eabi/4.7.3/../../../../arm-none-eabi/lib/libc.a(lib_a-memset.o)
                              ../../Source/tasks.o (memset)
/home/tdwood/CodeSourcery/Sourcery_CodeBench_Lite_for_ARM_EABI/bin/../lib/gcc/arm-none-eabi/4.7.3/../../../../arm-none-eabi/lib/libc.a(lib_a-strncpy.o)
                              ../../Source/tasks.o (strncpy)

Allocating common symbols
Common symbol       size              file

one                 0x4               ../SampleTasks/SampleTasks.o

Discarded input sections

 .group         0x00000000        0x8 ../../Source/portable/GCC/OMAP3_BeagleBoard/portISR.o
 .group         0x00000000        0x8 ../../Source/portable/GCC/OMAP3_BeagleBoard/portISR.o
 .group         0x00000000        0x8 ../../Source/portable/GCC/OMAP3_BeagleBoard/portISR.o
 .group         0x00000000        0x8 ../../Source/portable/GCC/OMAP3_BeagleBoard/portISR.o
 .group         0x00000000        0x8 ../../Source/portable/GCC/OMAP3_BeagleBoard/portISR.o
 .group         0x00000000        0x8 ../../Source/portable/GCC/OMAP3_BeagleBoard/portISR.o
 .group         0x00000000        0x8 ../../Source/portable/GCC/OMAP3_BeagleBoard/portISR.o
 .group         0x00000000        0x8 ../../Source/portable/GCC/OMAP3_BeagleBoard/portISR.o
 .group         0x00000000        0x8 ../../Source/portable/GCC/OMAP3_BeagleBoard/portISR.o
 .group         0x00000000        0x8 ../../Source/portable/GCC/OMAP3_BeagleBoard/portISR.o
 .group         0x00000000        0x8 ../Console/serialISR.o
 .group         0x00000000        0x8 ../Console/serialISR.o
 .group         0x00000000        0x8 ../Console/serialISR.o
 .group         0x00000000        0x8 ../Console/serialISR.o
 .group         0x00000000        0x8 ../Console/serialISR.o
 .group         0x00000000        0x8 ../Console/serialISR.o
 .group         0x00000000        0x8 ../Console/serialISR.o
 .group         0x00000000        0x8 ../Console/serialISR.o
 .group         0x00000000        0x8 ../Console/serialISR.o
 .group         0x00000000        0x8 ../Console/serialISR.o
 .group         0x00000000        0x8 ../Console/serialISR.o
 .group         0x00000000        0x8 ../Console/serialISR.o
 .group         0x00000000        0x8 ../Console/serialISR.o
 .group         0x00000000        0x8 ../Console/serialISR.o
 .group         0x00000000        0x8 ../Console/serialISR.o
 .group         0x00000000        0x8 ../Console/serialISR.o
 .group         0x00000000        0x8 ../Console/serialISR.o
 .group         0x00000000        0x8 ../Console/serialISR.o
 .group         0x00000000        0x8 ../Console/serialISR.o
 .group         0x00000000        0x8 ../Console/serialISR.o
 .group         0x00000000        0x8 ../Console/serialISR.o
 .group         0x00000000        0x8 ../Console/serialISR.o
 .group         0x00000000        0x8 ../Console/serialISR.o
 .group         0x00000000        0x8 ../Console/serialISR.o
 .group         0x00000000        0x8 ../Console/serialISR.o
 .debug_macro   0x00000000      0x80e ../Console/serialISR.o
 .debug_macro   0x00000000       0x46 ../Console/serialISR.o
 .debug_macro   0x00000000      0x714 ../Console/serialISR.o
 .debug_macro   0x00000000       0xac ../Console/serialISR.o
 .debug_macro   0x00000000       0x97 ../Console/serialISR.o
 .debug_macro   0x00000000       0x12 ../Console/serialISR.o
 .debug_macro   0x00000000       0x1f ../Console/serialISR.o
 .debug_macro   0x00000000      0x1bd ../Console/serialISR.o
 .debug_macro   0x00000000       0xa0 ../Console/serialISR.o
 .group         0x00000000        0x8 main.o
 .group         0x00000000        0x8 main.o
 .group         0x00000000        0x8 main.o
 .group         0x00000000        0x8 main.o
 .group         0x00000000        0x8 main.o
 .group         0x00000000        0x8 main.o
 .group         0x00000000        0x8 main.o
 .group         0x00000000        0x8 main.o
 .group         0x00000000        0x8 main.o
 .group         0x00000000        0x8 main.o
 .group         0x00000000        0x8 main.o
 .group         0x00000000        0x8 main.o
 .group         0x00000000        0x8 main.o
 .group         0x00000000        0x8 main.o
 .group         0x00000000        0x8 main.o
 .group         0x00000000        0x8 main.o
 .group         0x00000000        0x8 main.o
 .group         0x00000000        0x8 main.o
 .group         0x00000000        0x8 main.o
 .group         0x00000000        0x8 main.o
 .group         0x00000000        0x8 main.o
 .group         0x00000000        0x8 main.o
 .group         0x00000000        0x8 main.o
 .group         0x00000000        0x8 main.o
 .group         0x00000000        0x8 main.o
 .group         0x00000000        0x8 main.o
 .group         0x00000000        0x8 main.o
 .debug_macro   0x00000000      0x80e main.o
 .debug_macro   0x00000000       0x3a main.o
 .debug_macro   0x00000000       0x2e main.o
 .debug_macro   0x00000000       0x94 main.o
 .debug_macro   0x00000000       0x10 main.o
 .debug_macro   0x00000000      0x100 main.o
 .debug_macro   0x00000000       0x3a main.o
 .debug_macro   0x00000000       0x52 main.o
 .debug_macro   0x00000000       0x19 main.o
 .debug_macro   0x00000000      0x16d main.o
 .debug_macro   0x00000000       0x16 main.o
 .debug_macro   0x00000000       0x29 main.o
 .debug_macro   0x00000000      0x714 main.o
 .debug_macro   0x00000000       0xac main.o
 .debug_macro   0x00000000       0x85 main.o
 .debug_macro   0x00000000       0x46 main.o
 .debug_macro   0x00000000       0x97 main.o
 .debug_macro   0x00000000       0x12 main.o
 .debug_macro   0x00000000       0x1f main.o
 .debug_macro   0x00000000      0x1bd main.o
 .debug_macro   0x00000000       0x49 main.o
 .debug_macro   0x00000000       0x57 main.o
 .debug_macro   0x00000000       0xa0 main.o
 .group         0x00000000        0x8 ../Console/serial.o
 .group         0x00000000        0x8 ../Console/serial.o
 .group         0x00000000        0x8 ../Console/serial.o
 .group         0x00000000        0x8 ../Console/serial.o
 .group         0x00000000        0x8 ../Console/serial.o
 .group         0x00000000        0x8 ../Console/serial.o
 .group         0x00000000        0x8 ../Console/serial.o
 .group         0x00000000        0x8 ../Console/serial.o
 .group         0x00000000        0x8 ../Console/serial.o
 .group         0x00000000        0x8 ../Console/serial.o
 .group         0x00000000        0x8 ../Console/serial.o
 .group         0x00000000        0x8 ../Console/serial.o
 .group         0x00000000        0x8 ../Console/serial.o
 .group         0x00000000        0x8 ../Console/serial.o
 .group         0x00000000        0x8 ../Console/serial.o
 .group         0x00000000        0x8 ../Console/serial.o
 .group         0x00000000        0x8 ../Console/serial.o
 .group         0x00000000        0x8 ../Console/serial.o
 .group         0x00000000        0x8 ../Console/serial.o
 .group         0x00000000        0x8 ../Console/serial.o
 .group         0x00000000        0x8 ../Console/serial.o
 .group         0x00000000        0x8 ../Console/serial.o
 .group         0x00000000        0x8 ../Console/serial.o
 .group         0x00000000        0x8 ../Console/serial.o
 .group         0x00000000        0x8 ../Console/serial.o
 .debug_macro   0x00000000      0x80e ../Console/serial.o
 .debug_macro   0x00000000       0x3a ../Console/serial.o
 .debug_macro   0x00000000       0x2e ../Console/serial.o
 .debug_macro   0x00000000       0x94 ../Console/serial.o
 .debug_macro   0x00000000       0x10 ../Console/serial.o
 .debug_macro   0x00000000      0x100 ../Console/serial.o
 .debug_macro   0x00000000       0x3a ../Console/serial.o
 .debug_macro   0x00000000       0x52 ../Console/serial.o
 .debug_macro   0x00000000       0x19 ../Console/serial.o
 .debug_macro   0x00000000      0x16d ../Console/serial.o
 .debug_macro   0x00000000       0x16 ../Console/serial.o
 .debug_macro   0x00000000       0x29 ../Console/serial.o
 .debug_macro   0x00000000       0x85 ../Console/serial.o
 .debug_macro   0x00000000       0x46 ../Console/serial.o
 .debug_macro   0x00000000      0x714 ../Console/serial.o
 .debug_macro   0x00000000       0xac ../Console/serial.o
 .debug_macro   0x00000000       0x97 ../Console/serial.o
 .debug_macro   0x00000000       0x12 ../Console/serial.o
 .debug_macro   0x00000000       0x1f ../Console/serial.o
 .debug_macro   0x00000000      0x1bd ../Console/serial.o
 .debug_macro   0x00000000       0x6a ../Console/serial.o
 .debug_macro   0x00000000       0x49 ../Console/serial.o
 .debug_macro   0x00000000       0x57 ../Console/serial.o
 .debug_macro   0x00000000       0xa0 ../Console/serial.o
 .debug_macro   0x00000000       0xee ../Console/serial.o
 .group         0x00000000        0x8 ../Console/printk.o
 .group         0x00000000        0x8 ../Console/printk.o
 .group         0x00000000        0x8 ../Console/printk.o
 .debug_macro   0x00000000      0x80e ../Console/printk.o
 .debug_macro   0x00000000       0xa0 ../Console/printk.o
 .group         0x00000000        0x8 ../../Source/timers.o
 .group         0x00000000        0x8 ../../Source/timers.o
 .group         0x00000000        0x8 ../../Source/timers.o
 .group         0x00000000        0x8 ../../Source/timers.o
 .group         0x00000000        0x8 ../../Source/timers.o
 .group         0x00000000        0x8 ../../Source/timers.o
 .group         0x00000000        0x8 ../../Source/timers.o
 .group         0x00000000        0x8 ../../Source/timers.o
 .group         0x00000000        0x8 ../../Source/timers.o
 .group         0x00000000        0x8 ../../Source/timers.o
 .group         0x00000000        0x8 ../../Source/timers.o
 .group         0x00000000        0x8 ../../Source/timers.o
 .group         0x00000000        0x8 ../../Source/timers.o
 .debug_macro   0x00000000      0x80e ../../Source/timers.o
 .debug_macro   0x00000000      0x16c ../../Source/timers.o
 .debug_macro   0x00000000       0x46 ../../Source/timers.o
 .debug_macro   0x00000000      0x714 ../../Source/timers.o
 .debug_macro   0x00000000       0xac ../../Source/timers.o
 .debug_macro   0x00000000       0x97 ../../Source/timers.o
 .debug_macro   0x00000000       0x12 ../../Source/timers.o
 .debug_macro   0x00000000       0x1f ../../Source/timers.o
 .debug_macro   0x00000000      0x1bd ../../Source/timers.o
 .debug_macro   0x00000000       0x49 ../../Source/timers.o
 .debug_macro   0x00000000       0x57 ../../Source/timers.o
 .debug_macro   0x00000000       0x6a ../../Source/timers.o
 .debug_macro   0x00000000       0x61 ../../Source/timers.o
 .group         0x00000000        0x8 ../../Source/tasks.o
 .group         0x00000000        0x8 ../../Source/tasks.o
 .group         0x00000000        0x8 ../../Source/tasks.o
 .group         0x00000000        0x8 ../../Source/tasks.o
 .group         0x00000000        0x8 ../../Source/tasks.o
 .group         0x00000000        0x8 ../../Source/tasks.o
 .group         0x00000000        0x8 ../../Source/tasks.o
 .group         0x00000000        0x8 ../../Source/tasks.o
 .group         0x00000000        0x8 ../../Source/tasks.o
 .group         0x00000000        0x8 ../../Source/tasks.o
 .group         0x00000000        0x8 ../../Source/tasks.o
 .group         0x00000000        0x8 ../../Source/tasks.o
 .group         0x00000000        0x8 ../../Source/tasks.o
 .group         0x00000000        0x8 ../../Source/tasks.o
 .group         0x00000000        0x8 ../../Source/tasks.o
 .group         0x00000000        0x8 ../../Source/tasks.o
 .group         0x00000000        0x8 ../../Source/tasks.o
 .group         0x00000000        0x8 ../../Source/tasks.o
 .group         0x00000000        0x8 ../../Source/tasks.o
 .group         0x00000000        0x8 ../../Source/tasks.o
 .group         0x00000000        0x8 ../../Source/tasks.o
 .group         0x00000000        0x8 ../../Source/tasks.o
 .group         0x00000000        0x8 ../../Source/tasks.o
 .group         0x00000000        0x8 ../../Source/tasks.o
 .group         0x00000000        0x8 ../../Source/tasks.o
 .group         0x00000000        0x8 ../../Source/tasks.o
 .group         0x00000000        0x8 ../../Source/tasks.o
 .group         0x00000000        0x8 ../../Source/tasks.o
 .debug_macro   0x00000000      0x80e ../../Source/tasks.o
 .debug_macro   0x00000000       0x3a ../../Source/tasks.o
 .debug_macro   0x00000000       0x2e ../../Source/tasks.o
 .debug_macro   0x00000000       0x94 ../../Source/tasks.o
 .debug_macro   0x00000000       0x10 ../../Source/tasks.o
 .debug_macro   0x00000000      0x100 ../../Source/tasks.o
 .debug_macro   0x00000000       0x3a ../../Source/tasks.o
 .debug_macro   0x00000000       0x52 ../../Source/tasks.o
 .debug_macro   0x00000000       0x19 ../../Source/tasks.o
 .debug_macro   0x00000000      0x16d ../../Source/tasks.o
 .debug_macro   0x00000000       0x16 ../../Source/tasks.o
 .debug_macro   0x00000000       0x29 ../../Source/tasks.o
 .debug_macro   0x00000000       0x10 ../../Source/tasks.o
 .debug_macro   0x00000000       0x12 ../../Source/tasks.o
 .debug_macro   0x00000000       0x1c ../../Source/tasks.o
 .debug_macro   0x00000000       0x85 ../../Source/tasks.o
 .debug_macro   0x00000000       0x46 ../../Source/tasks.o
 .debug_macro   0x00000000      0x714 ../../Source/tasks.o
 .debug_macro   0x00000000       0xac ../../Source/tasks.o
 .debug_macro   0x00000000       0x97 ../../Source/tasks.o
 .debug_macro   0x00000000       0x12 ../../Source/tasks.o
 .debug_macro   0x00000000       0x1f ../../Source/tasks.o
 .debug_macro   0x00000000      0x1bd ../../Source/tasks.o
 .debug_macro   0x00000000       0x49 ../../Source/tasks.o
 .debug_macro   0x00000000       0x57 ../../Source/tasks.o
 .debug_macro   0x00000000       0x61 ../../Source/tasks.o
 .debug_macro   0x00000000       0xa0 ../../Source/tasks.o
 .group         0x00000000        0x8 ../../Source/queue.o
 .group         0x00000000        0x8 ../../Source/queue.o
 .group         0x00000000        0x8 ../../Source/queue.o
 .group         0x00000000        0x8 ../../Source/queue.o
 .group         0x00000000        0x8 ../../Source/queue.o
 .group         0x00000000        0x8 ../../Source/queue.o
 .group         0x00000000        0x8 ../../Source/queue.o
 .group         0x00000000        0x8 ../../Source/queue.o
 .group         0x00000000        0x8 ../../Source/queue.o
 .group         0x00000000        0x8 ../../Source/queue.o
 .group         0x00000000        0x8 ../../Source/queue.o
 .group         0x00000000        0x8 ../../Source/queue.o
 .group         0x00000000        0x8 ../../Source/queue.o
 .group         0x00000000        0x8 ../../Source/queue.o
 .group         0x00000000        0x8 ../../Source/queue.o
 .group         0x00000000        0x8 ../../Source/queue.o
 .group         0x00000000        0x8 ../../Source/queue.o
 .group         0x00000000        0x8 ../../Source/queue.o
 .group         0x00000000        0x8 ../../Source/queue.o
 .group         0x00000000        0x8 ../../Source/queue.o
 .group         0x00000000        0x8 ../../Source/queue.o
 .group         0x00000000        0x8 ../../Source/queue.o
 .group         0x00000000        0x8 ../../Source/queue.o
 .group         0x00000000        0x8 ../../Source/queue.o
 .group         0x00000000        0x8 ../../Source/queue.o
 .group         0x00000000        0x8 ../../Source/queue.o
 .debug_macro   0x00000000      0x80e ../../Source/queue.o
 .debug_macro   0x00000000       0x3a ../../Source/queue.o
 .debug_macro   0x00000000       0x2e ../../Source/queue.o
 .debug_macro   0x00000000       0x94 ../../Source/queue.o
 .debug_macro   0x00000000       0x10 ../../Source/queue.o
 .debug_macro   0x00000000      0x100 ../../Source/queue.o
 .debug_macro   0x00000000       0x3a ../../Source/queue.o
 .debug_macro   0x00000000       0x52 ../../Source/queue.o
 .debug_macro   0x00000000       0x19 ../../Source/queue.o
 .debug_macro   0x00000000      0x16d ../../Source/queue.o
 .debug_macro   0x00000000       0x16 ../../Source/queue.o
 .debug_macro   0x00000000       0x29 ../../Source/queue.o
 .debug_macro   0x00000000       0x10 ../../Source/queue.o
 .debug_macro   0x00000000       0x12 ../../Source/queue.o
 .debug_macro   0x00000000       0x1c ../../Source/queue.o
 .debug_macro   0x00000000       0x85 ../../Source/queue.o
 .debug_macro   0x00000000       0x46 ../../Source/queue.o
 .debug_macro   0x00000000      0x714 ../../Source/queue.o
 .debug_macro   0x00000000       0xac ../../Source/queue.o
 .debug_macro   0x00000000       0x97 ../../Source/queue.o
 .debug_macro   0x00000000       0x12 ../../Source/queue.o
 .debug_macro   0x00000000       0x1f ../../Source/queue.o
 .debug_macro   0x00000000      0x1bd ../../Source/queue.o
 .debug_macro   0x00000000       0x49 ../../Source/queue.o
 .debug_macro   0x00000000       0x57 ../../Source/queue.o
 .group         0x00000000        0x8 ../../Source/list.o
 .group         0x00000000        0x8 ../../Source/list.o
 .group         0x00000000        0x8 ../../Source/list.o
 .group         0x00000000        0x8 ../../Source/list.o
 .group         0x00000000        0x8 ../../Source/list.o
 .group         0x00000000        0x8 ../../Source/list.o
 .group         0x00000000        0x8 ../../Source/list.o
 .group         0x00000000        0x8 ../../Source/list.o
 .group         0x00000000        0x8 ../../Source/list.o
 .group         0x00000000        0x8 ../../Source/list.o
 .group         0x00000000        0x8 ../../Source/list.o
 .group         0x00000000        0x8 ../../Source/list.o
 .group         0x00000000        0x8 ../../Source/list.o
 .group         0x00000000        0x8 ../../Source/list.o
 .group         0x00000000        0x8 ../../Source/list.o
 .group         0x00000000        0x8 ../../Source/list.o
 .group         0x00000000        0x8 ../../Source/list.o
 .group         0x00000000        0x8 ../../Source/list.o
 .group         0x00000000        0x8 ../../Source/list.o
 .group         0x00000000        0x8 ../../Source/list.o
 .group         0x00000000        0x8 ../../Source/list.o
 .debug_macro   0x00000000      0x80e ../../Source/list.o
 .debug_macro   0x00000000       0x3a ../../Source/list.o
 .debug_macro   0x00000000       0x2e ../../Source/list.o
 .debug_macro   0x00000000       0x94 ../../Source/list.o
 .debug_macro   0x00000000       0x10 ../../Source/list.o
 .debug_macro   0x00000000      0x100 ../../Source/list.o
 .debug_macro   0x00000000       0x3a ../../Source/list.o
 .debug_macro   0x00000000       0x52 ../../Source/list.o
 .debug_macro   0x00000000       0x19 ../../Source/list.o
 .debug_macro   0x00000000      0x16d ../../Source/list.o
 .debug_macro   0x00000000       0x16 ../../Source/list.o
 .debug_macro   0x00000000       0x29 ../../Source/list.o
 .debug_macro   0x00000000       0x85 ../../Source/list.o
 .debug_macro   0x00000000       0x46 ../../Source/list.o
 .debug_macro   0x00000000      0x714 ../../Source/list.o
 .debug_macro   0x00000000       0xac ../../Source/list.o
 .debug_macro   0x00000000       0x97 ../../Source/list.o
 .debug_macro   0x00000000       0x12 ../../Source/list.o
 .debug_macro   0x00000000       0x1f ../../Source/list.o
 .debug_macro   0x00000000      0x1bd ../../Source/list.o
 .debug_macro   0x00000000       0x49 ../../Source/list.o
 .group         0x00000000        0x8 ../../Source/portable/MemMang/heap_2.o
 .group         0x00000000        0x8 ../../Source/portable/MemMang/heap_2.o
 .group         0x00000000        0x8 ../../Source/portable/MemMang/heap_2.o
 .group         0x00000000        0x8 ../../Source/portable/MemMang/heap_2.o
 .group         0x00000000        0x8 ../../Source/portable/MemMang/heap_2.o
 .group         0x00000000        0x8 ../../Source/portable/MemMang/heap_2.o
 .group         0x00000000        0x8 ../../Source/portable/MemMang/heap_2.o
 .group         0x00000000        0x8 ../../Source/portable/MemMang/heap_2.o
 .group         0x00000000        0x8 ../../Source/portable/MemMang/heap_2.o
 .group         0x00000000        0x8 ../../Source/portable/MemMang/heap_2.o
 .group         0x00000000        0x8 ../../Source/portable/MemMang/heap_2.o
 .group         0x00000000        0x8 ../../Source/portable/MemMang/heap_2.o
 .group         0x00000000        0x8 ../../Source/portable/MemMang/heap_2.o
 .group         0x00000000        0x8 ../../Source/portable/MemMang/heap_2.o
 .group         0x00000000        0x8 ../../Source/portable/MemMang/heap_2.o
 .group         0x00000000        0x8 ../../Source/portable/MemMang/heap_2.o
 .group         0x00000000        0x8 ../../Source/portable/MemMang/heap_2.o
 .group         0x00000000        0x8 ../../Source/portable/MemMang/heap_2.o
 .group         0x00000000        0x8 ../../Source/portable/MemMang/heap_2.o
 .group         0x00000000        0x8 ../../Source/portable/MemMang/heap_2.o
 .group         0x00000000        0x8 ../../Source/portable/MemMang/heap_2.o
 .group         0x00000000        0x8 ../../Source/portable/MemMang/heap_2.o
 .debug_macro   0x00000000      0x80e ../../Source/portable/MemMang/heap_2.o
 .debug_macro   0x00000000       0x3a ../../Source/portable/MemMang/heap_2.o
 .debug_macro   0x00000000       0x2e ../../Source/portable/MemMang/heap_2.o
 .debug_macro   0x00000000       0x94 ../../Source/portable/MemMang/heap_2.o
 .debug_macro   0x00000000       0x10 ../../Source/portable/MemMang/heap_2.o
 .debug_macro   0x00000000      0x100 ../../Source/portable/MemMang/heap_2.o
 .debug_macro   0x00000000       0x3a ../../Source/portable/MemMang/heap_2.o
 .debug_macro   0x00000000       0x52 ../../Source/portable/MemMang/heap_2.o
 .debug_macro   0x00000000       0x19 ../../Source/portable/MemMang/heap_2.o
 .debug_macro   0x00000000      0x16d ../../Source/portable/MemMang/heap_2.o
 .debug_macro   0x00000000       0x16 ../../Source/portable/MemMang/heap_2.o
 .debug_macro   0x00000000       0x29 ../../Source/portable/MemMang/heap_2.o
 .debug_macro   0x00000000       0x85 ../../Source/portable/MemMang/heap_2.o
 .debug_macro   0x00000000       0x46 ../../Source/portable/MemMang/heap_2.o
 .debug_macro   0x00000000      0x714 ../../Source/portable/MemMang/heap_2.o
 .debug_macro   0x00000000       0xac ../../Source/portable/MemMang/heap_2.o
 .debug_macro   0x00000000       0x97 ../../Source/portable/MemMang/heap_2.o
 .debug_macro   0x00000000       0x12 ../../Source/portable/MemMang/heap_2.o
 .debug_macro   0x00000000       0x1f ../../Source/portable/MemMang/heap_2.o
 .debug_macro   0x00000000      0x1bd ../../Source/portable/MemMang/heap_2.o
 .debug_macro   0x00000000       0x49 ../../Source/portable/MemMang/heap_2.o
 .debug_macro   0x00000000       0x57 ../../Source/portable/MemMang/heap_2.o
 .group         0x00000000        0x8 ../../Source/portable/GCC/OMAP3_BeagleBoard/port.o
 .group         0x00000000        0x8 ../../Source/portable/GCC/OMAP3_BeagleBoard/port.o
 .group         0x00000000        0x8 ../../Source/portable/GCC/OMAP3_BeagleBoard/port.o
 .group         0x00000000        0x8 ../../Source/portable/GCC/OMAP3_BeagleBoard/port.o
 .group         0x00000000        0x8 ../../Source/portable/GCC/OMAP3_BeagleBoard/port.o
 .group         0x00000000        0x8 ../../Source/portable/GCC/OMAP3_BeagleBoard/port.o
 .group         0x00000000        0x8 ../../Source/portable/GCC/OMAP3_BeagleBoard/port.o
 .group         0x00000000        0x8 ../../Source/portable/GCC/OMAP3_BeagleBoard/port.o
 .group         0x00000000        0x8 ../../Source/portable/GCC/OMAP3_BeagleBoard/port.o
 .group         0x00000000        0x8 ../../Source/portable/GCC/OMAP3_BeagleBoard/port.o
 .group         0x00000000        0x8 ../../Source/portable/GCC/OMAP3_BeagleBoard/port.o
 .group         0x00000000        0x8 ../../Source/portable/GCC/OMAP3_BeagleBoard/port.o
 .group         0x00000000        0x8 ../../Source/portable/GCC/OMAP3_BeagleBoard/port.o
 .group         0x00000000        0x8 ../../Source/portable/GCC/OMAP3_BeagleBoard/port.o
 .group         0x00000000        0x8 ../../Source/portable/GCC/OMAP3_BeagleBoard/port.o
 .group         0x00000000        0x8 ../../Source/portable/GCC/OMAP3_BeagleBoard/port.o
 .group         0x00000000        0x8 ../../Source/portable/GCC/OMAP3_BeagleBoard/port.o
 .group         0x00000000        0x8 ../../Source/portable/GCC/OMAP3_BeagleBoard/port.o
 .group         0x00000000        0x8 ../../Source/portable/GCC/OMAP3_BeagleBoard/port.o
 .group         0x00000000        0x8 ../../Source/portable/GCC/OMAP3_BeagleBoard/port.o
 .group         0x00000000        0x8 ../../Source/portable/GCC/OMAP3_BeagleBoard/port.o
 .group         0x00000000        0x8 ../../Source/portable/GCC/OMAP3_BeagleBoard/port.o
 .group         0x00000000        0x8 ../../Source/portable/GCC/OMAP3_BeagleBoard/port.o
 .debug_macro   0x00000000      0x80e ../../Source/portable/GCC/OMAP3_BeagleBoard/port.o
 .debug_macro   0x00000000       0x3a ../../Source/portable/GCC/OMAP3_BeagleBoard/port.o
 .debug_macro   0x00000000       0x2e ../../Source/portable/GCC/OMAP3_BeagleBoard/port.o
 .debug_macro   0x00000000       0x94 ../../Source/portable/GCC/OMAP3_BeagleBoard/port.o
 .debug_macro   0x00000000       0x10 ../../Source/portable/GCC/OMAP3_BeagleBoard/port.o
 .debug_macro   0x00000000      0x100 ../../Source/portable/GCC/OMAP3_BeagleBoard/port.o
 .debug_macro   0x00000000       0x3a ../../Source/portable/GCC/OMAP3_BeagleBoard/port.o
 .debug_macro   0x00000000       0x52 ../../Source/portable/GCC/OMAP3_BeagleBoard/port.o
 .debug_macro   0x00000000       0x19 ../../Source/portable/GCC/OMAP3_BeagleBoard/port.o
 .debug_macro   0x00000000      0x16d ../../Source/portable/GCC/OMAP3_BeagleBoard/port.o
 .debug_macro   0x00000000       0x16 ../../Source/portable/GCC/OMAP3_BeagleBoard/port.o
 .debug_macro   0x00000000       0x29 ../../Source/portable/GCC/OMAP3_BeagleBoard/port.o
 .debug_macro   0x00000000       0xa0 ../../Source/portable/GCC/OMAP3_BeagleBoard/port.o
 .debug_macro   0x00000000       0x85 ../../Source/portable/GCC/OMAP3_BeagleBoard/port.o
 .debug_macro   0x00000000       0x46 ../../Source/portable/GCC/OMAP3_BeagleBoard/port.o
 .debug_macro   0x00000000      0x714 ../../Source/portable/GCC/OMAP3_BeagleBoard/port.o
 .debug_macro   0x00000000       0xac ../../Source/portable/GCC/OMAP3_BeagleBoard/port.o
 .debug_macro   0x00000000       0x97 ../../Source/portable/GCC/OMAP3_BeagleBoard/port.o
 .debug_macro   0x00000000       0x12 ../../Source/portable/GCC/OMAP3_BeagleBoard/port.o
 .debug_macro   0x00000000       0x1f ../../Source/portable/GCC/OMAP3_BeagleBoard/port.o
 .debug_macro   0x00000000      0x1bd ../../Source/portable/GCC/OMAP3_BeagleBoard/port.o
 .debug_macro   0x00000000       0x49 ../../Source/portable/GCC/OMAP3_BeagleBoard/port.o
 .debug_macro   0x00000000       0x57 ../../Source/portable/GCC/OMAP3_BeagleBoard/port.o
 .group         0x00000000        0x8 ../SampleTasks/SampleTasks.o
 .group         0x00000000        0x8 ../SampleTasks/SampleTasks.o
 .group         0x00000000        0x8 ../SampleTasks/SampleTasks.o
 .group         0x00000000        0x8 ../SampleTasks/SampleTasks.o
 .group         0x00000000        0x8 ../SampleTasks/SampleTasks.o
 .group         0x00000000        0x8 ../SampleTasks/SampleTasks.o
 .group         0x00000000        0x8 ../SampleTasks/SampleTasks.o
 .group         0x00000000        0x8 ../SampleTasks/SampleTasks.o
 .group         0x00000000        0x8 ../SampleTasks/SampleTasks.o
 .group         0x00000000        0x8 ../SampleTasks/SampleTasks.o
 .group         0x00000000        0x8 ../SampleTasks/SampleTasks.o
 .group         0x00000000        0x8 ../SampleTasks/SampleTasks.o
 .group         0x00000000        0x8 ../SampleTasks/SampleTasks.o
 .group         0x00000000        0x8 ../SampleTasks/SampleTasks.o
 .debug_macro   0x00000000      0x80e ../SampleTasks/SampleTasks.o
 .debug_macro   0x00000000      0x16c ../SampleTasks/SampleTasks.o
 .debug_macro   0x00000000       0x46 ../SampleTasks/SampleTasks.o
 .debug_macro   0x00000000      0x714 ../SampleTasks/SampleTasks.o
 .debug_macro   0x00000000       0xac ../SampleTasks/SampleTasks.o
 .debug_macro   0x00000000       0x97 ../SampleTasks/SampleTasks.o
 .debug_macro   0x00000000       0x12 ../SampleTasks/SampleTasks.o
 .debug_macro   0x00000000       0x1f ../SampleTasks/SampleTasks.o
 .debug_macro   0x00000000      0x1bd ../SampleTasks/SampleTasks.o
 .debug_macro   0x00000000       0x49 ../SampleTasks/SampleTasks.o
 .debug_macro   0x00000000       0x57 ../SampleTasks/SampleTasks.o
 .debug_macro   0x00000000       0x6a ../SampleTasks/SampleTasks.o
 .debug_macro   0x00000000       0xa0 ../SampleTasks/SampleTasks.o

Memory Configuration

Name             Origin             Length             Attributes
q0               0x00000000         0x3e800000
q1               0x40000000         0x3e800000
loady            0x80300000         0x00100000
*default*        0x00000000         0xffffffff

Linker script and memory map

LOAD ../../Source/portable/GCC/OMAP3_BeagleBoard/portISR.o
LOAD ../Console/serialISR.o
LOAD main.o
LOAD ../Console/serial.o
LOAD ../Console/printk.o
LOAD ../../Source/timers.o
LOAD ../../Source/tasks.o
LOAD ../../Source/queue.o
LOAD ../../Source/list.o
LOAD ../../Source/portable/MemMang/heap_2.o
LOAD ../../Source/portable/GCC/OMAP3_BeagleBoard/port.o
LOAD ../SampleTasks/SampleTasks.o
LOAD /tmp/cclDvYRP.o
START GROUP
LOAD /home/tdwood/CodeSourcery/Sourcery_CodeBench_Lite_for_ARM_EABI/bin/../lib/gcc/arm-none-eabi/4.7.3/libgcc.a
LOAD /home/tdwood/CodeSourcery/Sourcery_CodeBench_Lite_for_ARM_EABI/bin/../lib/gcc/arm-none-eabi/4.7.3/../../../../arm-none-eabi/lib/libc.a
END GROUP
                0x8080fffc                __stack_end__ = 0x8080fffc
                0x00000000                . = 0x0

startup         0x80300000       0x44
 *(.startup)
 .startup       0x80300000       0x44 /tmp/cclDvYRP.o

prog            0x80300044     0x591c
 *(.text)
 .text          0x80300044      0x2b8 ../../Source/portable/GCC/OMAP3_BeagleBoard/portISR.o
                0x80300044                vPortISRStartFirstTask
                0x80300090                vIRQHandler
                0x80300170                vPortYieldProcessor
                0x80300224                vTickISR
                0x80300264                vPortEnterCritical
                0x80300298                vPortExitCritical
 .text          0x803002fc      0x290 ../Console/serialISR.o
                0x803002fc                vSerialISRCreateQueues
                0x80300380                vUART_ISR_Wrapper
                0x80300430                vUART_ISR_Handler
 .text          0x8030058c      0x1e0 main.o
                0x8030058c                main
 .text          0x8030076c      0x230 ../Console/serial.o
                0x8030076c                vSerialPortInit
                0x80300864                xSerialGetChar
                0x803008bc                vSerialPutString
                0x80300910                xSerialPutChar
 .text          0x8030099c      0xed8 ../Console/printk.o
                0x8030099c                strnlen
                0x803017f4                serial_printk
 .text          0x80301874      0x93c ../../Source/timers.o
                0x80301874                xTimerCreateTimerTask
                0x803018ec                xTimerCreate
                0x80301994                xTimerGenericCommand
                0x80302144                xTimerIsTimerActive
                0x8030218c                pvTimerGetTimerID
 .text          0x803021b0     0x18e8 ../../Source/tasks.o
                0x803021b0                xTaskGenericCreate
                0x8030241c                vTaskDelete
                0x80302520                vTaskDelayUntil
                0x80302630                vTaskDelay
                0x803026ac                uxTaskPriorityGet
                0x80302700                vTaskPrioritySet
                0x803028ac                vTaskSuspend
                0x803029b4                xTaskIsTaskSuspended
                0x80302a24                vTaskResume
                0x80302b1c                xTaskResumeFromISR
                0x80302c30                vTaskStartScheduler
                0x80302cd8                vTaskEndScheduler
                0x80302d08                vTaskSuspendAll
                0x80302d28                xTaskResumeAll
                0x80302ee8                xTaskGetTickCount
                0x80302f18                xTaskGetTickCountFromISR
                0x80302f44                uxTaskGetNumberOfTasks
                0x80302f58                vTaskIncrementTick
                0x803031ac                vTaskSwitchContext
                0x803032bc                vTaskPlaceOnEventList
                0x80303358                vTaskPlaceOnEventListRestricted
                0x803033c4                xTaskRemoveFromEventList
                0x803034dc                vTaskSetTimeOutState
                0x80303514                xTaskCheckForTimeOut
                0x8030360c                vTaskMissedYield
                0x80303a1c                xTaskGetSchedulerState
                0x80303a78                xTaskCreateRT
 .text          0x80303a98      0xb44 ../../Source/queue.o
                0x80303a98                xQueueCreate
                0x80303be0                xQueueGenericSend
                0x80303d88                xQueueGenericSendFromISR
                0x80303e54                xQueueGenericReceive
                0x8030405c                xQueueReceiveFromISR
                0x8030412c                uxQueueMessagesWaiting
                0x8030415c                uxQueueMessagesWaitingFromISR
                0x80304180                vQueueDelete
                0x803044a0                xQueueIsQueueEmptyFromISR
                0x8030451c                xQueueIsQueueFullFromISR
                0x80304558                vQueueWaitForMessageRestricted
 .text          0x803045dc      0x24c ../../Source/list.o
                0x803045dc                vListInitialise
                0x80304634                vListInitialiseItem
                0x80304650                vListInsertEnd
                0x803046d8                vListInsert
                0x803047a0                vListRemove
 .text          0x80304828      0x37c ../../Source/portable/MemMang/heap_2.o
                0x80304828                pvPortMalloc
                0x80304ab8                vPortFree
                0x80304b8c                xPortGetFreeHeapSize
                0x80304ba0                vPortInitialiseBlocks
 .text          0x80304ba4      0x378 ../../Source/portable/GCC/OMAP3_BeagleBoard/port.o
                0x80304ba4                pxPortInitialiseStack
                0x80304dcc                xPortStartScheduler
                0x80304dfc                vPortEndScheduler
 .text          0x80304f1c      0x260 ../SampleTasks/SampleTasks.o
                0x80304f1c                HelloWorld1
                0x80304f5c                HelloWorld2
                0x803050c4                FlashLED1
                0x80305120                FlashLED2
 .text          0x8030517c      0x108 /tmp/cclDvYRP.o
                0x8030517c                start
                0x80305260                endless_loop
 .text          0x80305284      0x114 /home/tdwood/CodeSourcery/Sourcery_CodeBench_Lite_for_ARM_EABI/bin/../lib/gcc/arm-none-eabi/4.7.3/libgcc.a(_udivsi3.o)
                0x80305284                __udivsi3
                0x80305284                __aeabi_uidiv
                0x80305378                __aeabi_uidivmod
 .text          0x80305398        0x4 /home/tdwood/CodeSourcery/Sourcery_CodeBench_Lite_for_ARM_EABI/bin/../lib/gcc/arm-none-eabi/4.7.3/libgcc.a(_dvmd_tls.o)
                0x80305398                __aeabi_ldiv0
                0x80305398                __aeabi_idiv0
 .text          0x8030539c      0x20c /home/tdwood/CodeSourcery/Sourcery_CodeBench_Lite_for_ARM_EABI/bin/../lib/gcc/arm-none-eabi/4.7.3/../../../../arm-none-eabi/lib/libc.a(lib_a-memcpy.o)
                0x8030539c                memcpy
 .text          0x803055a8      0x134 /home/tdwood/CodeSourcery/Sourcery_CodeBench_Lite_for_ARM_EABI/bin/../lib/gcc/arm-none-eabi/4.7.3/../../../../arm-none-eabi/lib/libc.a(lib_a-memset.o)
                0x803055a8                memset
 .text          0x803056dc       0xc8 /home/tdwood/CodeSourcery/Sourcery_CodeBench_Lite_for_ARM_EABI/bin/../lib/gcc/arm-none-eabi/4.7.3/../../../../arm-none-eabi/lib/libc.a(lib_a-strncpy.o)
                0x803056dc                strncpy
 *(.rodata)
 .rodata        0x803057a4       0xd4 main.o
 .rodata        0x80305878       0x58 ../Console/printk.o
 .rodata        0x803058d0        0x8 ../../Source/timers.o
 .rodata        0x803058d8        0x8 ../../Source/tasks.o
 .rodata        0x803058e0        0x2 ../../Source/portable/MemMang/heap_2.o
 *fill*         0x803058e2        0x2 
 .rodata        0x803058e4       0x4c ../../Source/portable/GCC/OMAP3_BeagleBoard/port.o
 .rodata        0x80305930       0x30 ../SampleTasks/SampleTasks.o
 *(.rodata*)
 *(.glue_7)
 .glue_7        0x00000000        0x0 linker stubs
 *(.glue_7t)
 .glue_7t       0x00000000        0x0 linker stubs
                0x80305960                __end_of_text__ = .

.data           0x80305960       0x18
                0x80305960                __data_beg__ = .
                0x80305960                __data_beg_src__ = __end_of_text__
 *(.data)
 .data          0x80305960        0x4 ../../Source/portable/GCC/OMAP3_BeagleBoard/portISR.o
                0x80305960                ulCriticalNesting
 .data          0x80305964        0x4 ../Console/serialISR.o
 .data          0x80305968        0x0 main.o
 .data          0x80305968        0x4 ../Console/serial.o
 .data          0x8030596c        0x0 ../Console/printk.o
 .data          0x8030596c        0x0 ../../Source/timers.o
 .data          0x8030596c        0x4 ../../Source/tasks.o
 .data          0x80305970        0x0 ../../Source/queue.o
 .data          0x80305970        0x0 ../../Source/list.o
 .data          0x80305970        0x4 ../../Source/portable/MemMang/heap_2.o
 .data          0x80305974        0x0 ../../Source/portable/GCC/OMAP3_BeagleBoard/port.o
 .data          0x80305974        0x4 ../SampleTasks/SampleTasks.o
                0x80305974                MAX123
 .data          0x80305978        0x0 /tmp/cclDvYRP.o
 .data          0x80305978        0x0 /home/tdwood/CodeSourcery/Sourcery_CodeBench_Lite_for_ARM_EABI/bin/../lib/gcc/arm-none-eabi/4.7.3/libgcc.a(_udivsi3.o)
 .data          0x80305978        0x0 /home/tdwood/CodeSourcery/Sourcery_CodeBench_Lite_for_ARM_EABI/bin/../lib/gcc/arm-none-eabi/4.7.3/libgcc.a(_dvmd_tls.o)
 .data          0x80305978        0x0 /home/tdwood/CodeSourcery/Sourcery_CodeBench_Lite_for_ARM_EABI/bin/../lib/gcc/arm-none-eabi/4.7.3/../../../../arm-none-eabi/lib/libc.a(lib_a-memcpy.o)
 .data          0x80305978        0x0 /home/tdwood/CodeSourcery/Sourcery_CodeBench_Lite_for_ARM_EABI/bin/../lib/gcc/arm-none-eabi/4.7.3/../../../../arm-none-eabi/lib/libc.a(lib_a-memset.o)
 .data          0x80305978        0x0 /home/tdwood/CodeSourcery/Sourcery_CodeBench_Lite_for_ARM_EABI/bin/../lib/gcc/arm-none-eabi/4.7.3/../../../../arm-none-eabi/lib/libc.a(lib_a-strncpy.o)
                0x80305978                __data_end__ = .

.igot.plt       0x80305978        0x0
 .igot.plt      0x00000000        0x0 ../../Source/portable/GCC/OMAP3_BeagleBoard/portISR.o

.bss            0x80305978     0x6164
                0x80305978                __bss_beg__ = .
 *(.bss)
 .bss           0x80305978        0x0 ../../Source/portable/GCC/OMAP3_BeagleBoard/portISR.o
 .bss           0x80305978        0x8 ../Console/serialISR.o
 .bss           0x80305980        0x0 main.o
 .bss           0x80305980        0x8 ../Console/serial.o
 .bss           0x80305988        0x0 ../Console/printk.o
 .bss           0x80305988       0x38 ../../Source/timers.o
 .bss           0x803059c0      0x100 ../../Source/tasks.o
                0x803059c0                pxCurrentTCB
 .bss           0x80305ac0        0x0 ../../Source/queue.o
 .bss           0x80305ac0        0x0 ../../Source/list.o
 .bss           0x80305ac0     0x6018 ../../Source/portable/MemMang/heap_2.o
 .bss           0x8030bad8        0x0 ../../Source/portable/GCC/OMAP3_BeagleBoard/port.o
 .bss           0x8030bad8        0x0 ../SampleTasks/SampleTasks.o
 .bss           0x8030bad8        0x0 /tmp/cclDvYRP.o
 .bss           0x8030bad8        0x0 /home/tdwood/CodeSourcery/Sourcery_CodeBench_Lite_for_ARM_EABI/bin/../lib/gcc/arm-none-eabi/4.7.3/libgcc.a(_udivsi3.o)
 .bss           0x8030bad8        0x0 /home/tdwood/CodeSourcery/Sourcery_CodeBench_Lite_for_ARM_EABI/bin/../lib/gcc/arm-none-eabi/4.7.3/libgcc.a(_dvmd_tls.o)
 .bss           0x8030bad8        0x0 /home/tdwood/CodeSourcery/Sourcery_CodeBench_Lite_for_ARM_EABI/bin/../lib/gcc/arm-none-eabi/4.7.3/../../../../arm-none-eabi/lib/libc.a(lib_a-memcpy.o)
 .bss           0x8030bad8        0x0 /home/tdwood/CodeSourcery/Sourcery_CodeBench_Lite_for_ARM_EABI/bin/../lib/gcc/arm-none-eabi/4.7.3/../../../../arm-none-eabi/lib/libc.a(lib_a-memset.o)
 .bss           0x8030bad8        0x0 /home/tdwood/CodeSourcery/Sourcery_CodeBench_Lite_for_ARM_EABI/bin/../lib/gcc/arm-none-eabi/4.7.3/../../../../arm-none-eabi/lib/libc.a(lib_a-strncpy.o)
 COMMON         0x8030bad8        0x4 ../SampleTasks/SampleTasks.o
                0x8030bad8                one
                0x8030badc                . = ALIGN (0x4)

.eh_frame
 *(.eh_frame)
                0x8030badc                . = ALIGN (0x4)
                0x8030badc                . = ALIGN (0x4)
                0x8030badc                _end = .
                0x8030badc                _bss_end__ = .
                0x8030badc                __bss_end__ = .
                0x8030badc                __end__ = .
                0x8030badc                PROVIDE (end, .)
Address of section .text set to 0x80300000
OUTPUT(rtosdemo.elf elf32-littlearm)

.text           0x80300000        0x0

.vfp11_veneer   0x8030badc        0x0
 .vfp11_veneer  0x00000000        0x0 linker stubs

.v4_bx          0x8030badc        0x0
 .v4_bx         0x00000000        0x0 linker stubs

.iplt           0x8030badc        0x0
 .iplt          0x00000000        0x0 ../../Source/portable/GCC/OMAP3_BeagleBoard/portISR.o

.rel.dyn        0x8030badc        0x0
 .rel.iplt      0x00000000        0x0 ../../Source/portable/GCC/OMAP3_BeagleBoard/portISR.o

.debug_info     0x00000000     0x31e7
 .debug_info    0x00000000      0x1bf ../../Source/portable/GCC/OMAP3_BeagleBoard/portISR.o
 .debug_info    0x000001bf      0x2f8 ../Console/serialISR.o
 .debug_info    0x000004b7       0xd9 main.o
 .debug_info    0x00000590      0x2da ../Console/serial.o
 .debug_info    0x0000086a      0x3a8 ../Console/printk.o
 .debug_info    0x00000c12      0x746 ../../Source/timers.o
 .debug_info    0x00001358      0xdbc ../../Source/tasks.o
 .debug_info    0x00002114      0x783 ../../Source/queue.o
 .debug_info    0x00002897      0x2b6 ../../Source/list.o
 .debug_info    0x00002b4d      0x2c0 ../../Source/portable/MemMang/heap_2.o
 .debug_info    0x00002e0d      0x16c ../../Source/portable/GCC/OMAP3_BeagleBoard/port.o
 .debug_info    0x00002f79      0x1e0 ../SampleTasks/SampleTasks.o
 .debug_info    0x00003159       0x8e /tmp/cclDvYRP.o

.debug_abbrev   0x00000000      0xd9a
 .debug_abbrev  0x00000000       0xdc ../../Source/portable/GCC/OMAP3_BeagleBoard/portISR.o
 .debug_abbrev  0x000000dc      0x10f ../Console/serialISR.o
 .debug_abbrev  0x000001eb       0x82 main.o
 .debug_abbrev  0x0000026d       0xf0 ../Console/serial.o
 .debug_abbrev  0x0000035d      0x17f ../Console/printk.o
 .debug_abbrev  0x000004dc      0x178 ../../Source/timers.o
 .debug_abbrev  0x00000654      0x1ec ../../Source/tasks.o
 .debug_abbrev  0x00000840      0x16f ../../Source/queue.o
 .debug_abbrev  0x000009af       0xbf ../../Source/list.o
 .debug_abbrev  0x00000a6e      0x16b ../../Source/portable/MemMang/heap_2.o
 .debug_abbrev  0x00000bd9       0xed ../../Source/portable/GCC/OMAP3_BeagleBoard/port.o
 .debug_abbrev  0x00000cc6       0xc2 ../SampleTasks/SampleTasks.o
 .debug_abbrev  0x00000d88       0x12 /tmp/cclDvYRP.o

.debug_aranges  0x00000000      0x1a8
 .debug_aranges
                0x00000000       0x20 ../../Source/portable/GCC/OMAP3_BeagleBoard/portISR.o
 .debug_aranges
                0x00000020       0x20 ../Console/serialISR.o
 .debug_aranges
                0x00000040       0x20 main.o
 .debug_aranges
                0x00000060       0x20 ../Console/serial.o
 .debug_aranges
                0x00000080       0x20 ../Console/printk.o
 .debug_aranges
                0x000000a0       0x20 ../../Source/timers.o
 .debug_aranges
                0x000000c0       0x20 ../../Source/tasks.o
 .debug_aranges
                0x000000e0       0x20 ../../Source/queue.o
 .debug_aranges
                0x00000100       0x20 ../../Source/list.o
 .debug_aranges
                0x00000120       0x20 ../../Source/portable/MemMang/heap_2.o
 .debug_aranges
                0x00000140       0x20 ../../Source/portable/GCC/OMAP3_BeagleBoard/port.o
 .debug_aranges
                0x00000160       0x20 ../SampleTasks/SampleTasks.o
 .debug_aranges
                0x00000180       0x28 /tmp/cclDvYRP.o

.debug_macro    0x00000000     0x2ba0
 .debug_macro   0x00000000       0x7c ../../Source/portable/GCC/OMAP3_BeagleBoard/portISR.o
 .debug_macro   0x0000007c      0x80e ../../Source/portable/GCC/OMAP3_BeagleBoard/portISR.o
 .debug_macro   0x0000088a      0x16c ../../Source/portable/GCC/OMAP3_BeagleBoard/portISR.o
 .debug_macro   0x000009f6       0x46 ../../Source/portable/GCC/OMAP3_BeagleBoard/portISR.o
 .debug_macro   0x00000a3c      0x714 ../../Source/portable/GCC/OMAP3_BeagleBoard/portISR.o
 .debug_macro   0x00001150       0xac ../../Source/portable/GCC/OMAP3_BeagleBoard/portISR.o
 .debug_macro   0x000011fc       0x97 ../../Source/portable/GCC/OMAP3_BeagleBoard/portISR.o
 .debug_macro   0x00001293       0x12 ../../Source/portable/GCC/OMAP3_BeagleBoard/portISR.o
 .debug_macro   0x000012a5       0x1f ../../Source/portable/GCC/OMAP3_BeagleBoard/portISR.o
 .debug_macro   0x000012c4      0x1bd ../../Source/portable/GCC/OMAP3_BeagleBoard/portISR.o
 .debug_macro   0x00001481       0xa0 ../../Source/portable/GCC/OMAP3_BeagleBoard/portISR.o
 .debug_macro   0x00001521      0x17b ../Console/serialISR.o
 .debug_macro   0x0000169c       0x3a ../Console/serialISR.o
 .debug_macro   0x000016d6       0x2e ../Console/serialISR.o
 .debug_macro   0x00001704       0x94 ../Console/serialISR.o
 .debug_macro   0x00001798       0x10 ../Console/serialISR.o
 .debug_macro   0x000017a8      0x100 ../Console/serialISR.o
 .debug_macro   0x000018a8       0x3a ../Console/serialISR.o
 .debug_macro   0x000018e2       0x52 ../Console/serialISR.o
 .debug_macro   0x00001934       0x19 ../Console/serialISR.o
 .debug_macro   0x0000194d      0x16d ../Console/serialISR.o
 .debug_macro   0x00001aba       0x16 ../Console/serialISR.o
 .debug_macro   0x00001ad0       0x29 ../Console/serialISR.o
 .debug_macro   0x00001af9       0x85 ../Console/serialISR.o
 .debug_macro   0x00001b7e       0x6a ../Console/serialISR.o
 .debug_macro   0x00001be8       0x49 ../Console/serialISR.o
 .debug_macro   0x00001c31       0x57 ../Console/serialISR.o
 .debug_macro   0x00001c88       0xee ../Console/serialISR.o
 .debug_macro   0x00001d76      0x1cd main.o
 .debug_macro   0x00001f43       0x10 main.o
 .debug_macro   0x00001f53       0x12 main.o
 .debug_macro   0x00001f65       0x1c main.o
 .debug_macro   0x00001f81       0x61 main.o
 .debug_macro   0x00001fe2      0x181 ../Console/serial.o
 .debug_macro   0x00002163       0x59 ../Console/printk.o
 .debug_macro   0x000021bc       0x58 ../Console/printk.o
 .debug_macro   0x00002214       0xa9 ../../Source/timers.o
 .debug_macro   0x000022bd      0x1c3 ../../Source/tasks.o
 .debug_macro   0x00002480       0x16 ../../Source/tasks.o
 .debug_macro   0x00002496      0x1bb ../../Source/queue.o
 .debug_macro   0x00002651       0x49 ../../Source/queue.o
 .debug_macro   0x0000269a      0x12d ../../Source/list.o
 .debug_macro   0x000027c7      0x15b ../../Source/portable/MemMang/heap_2.o
 .debug_macro   0x00002922      0x15d ../../Source/portable/GCC/OMAP3_BeagleBoard/port.o
 .debug_macro   0x00002a7f       0xbf ../SampleTasks/SampleTasks.o
 .debug_macro   0x00002b3e       0x62 ../SampleTasks/SampleTasks.o

.debug_line     0x00000000     0x2fa6
 .debug_line    0x00000000      0x1f5 ../../Source/portable/GCC/OMAP3_BeagleBoard/portISR.o
 .debug_line    0x000001f5      0x436 ../Console/serialISR.o
 .debug_line    0x0000062b      0x437 main.o
 .debug_line    0x00000a62      0x42f ../Console/serial.o
 .debug_line    0x00000e91      0x261 ../Console/printk.o
 .debug_line    0x000010f2      0x289 ../../Source/timers.o
 .debug_line    0x0000137b      0x743 ../../Source/tasks.o
 .debug_line    0x00001abe      0x54e ../../Source/queue.o
 .debug_line    0x0000200c      0x3f8 ../../Source/list.o
 .debug_line    0x00002404      0x44b ../../Source/portable/MemMang/heap_2.o
 .debug_line    0x0000284f      0x44f ../../Source/portable/GCC/OMAP3_BeagleBoard/port.o
 .debug_line    0x00002c9e      0x27e ../SampleTasks/SampleTasks.o
 .debug_line    0x00002f1c       0x8a /tmp/cclDvYRP.o

.debug_str      0x00000000     0xb53a
 .debug_str     0x00000000     0x53ca ../../Source/portable/GCC/OMAP3_BeagleBoard/portISR.o
                               0x5461 (size before relaxing)
 .debug_str     0x000053ca     0x2ca0 ../Console/serialISR.o
                               0x80d9 (size before relaxing)
 .debug_str     0x0000806a      0x8bd main.o
                               0x7e04 (size before relaxing)
 .debug_str     0x00008927      0x18e ../Console/serial.o
                               0x8077 (size before relaxing)
 .debug_str     0x00008ab5      0x2bb ../Console/printk.o
                               0x2817 (size before relaxing)
 .debug_str     0x00008d70      0x456 ../../Source/timers.o
                               0x698c (size before relaxing)
 .debug_str     0x000091c6      0xbc3 ../../Source/tasks.o
                               0x880f (size before relaxing)
 .debug_str     0x00009d89      0xac2 ../../Source/queue.o
                               0x7fd9 (size before relaxing)
 .debug_str     0x0000a84b       0xa7 ../../Source/list.o
                               0x70f6 (size before relaxing)
 .debug_str     0x0000a8f2      0x460 ../../Source/portable/MemMang/heap_2.o
                               0x779c (size before relaxing)
 .debug_str     0x0000ad52      0x16d ../../Source/portable/GCC/OMAP3_BeagleBoard/port.o
                               0x7707 (size before relaxing)
 .debug_str     0x0000aebf      0x67b ../SampleTasks/SampleTasks.o
                               0x685e (size before relaxing)

.comment        0x00000000       0x30
 .comment       0x00000000       0x30 ../../Source/portable/GCC/OMAP3_BeagleBoard/portISR.o
                                 0x31 (size before relaxing)
 .comment       0x00000000       0x31 ../Console/serialISR.o
 .comment       0x00000000       0x31 main.o
 .comment       0x00000000       0x31 ../Console/serial.o
 .comment       0x00000000       0x31 ../Console/printk.o
 .comment       0x00000000       0x31 ../../Source/timers.o
 .comment       0x00000000       0x31 ../../Source/tasks.o
 .comment       0x00000000       0x31 ../../Source/queue.o
 .comment       0x00000000       0x31 ../../Source/list.o
 .comment       0x00000000       0x31 ../../Source/portable/MemMang/heap_2.o
 .comment       0x00000000       0x31 ../../Source/portable/GCC/OMAP3_BeagleBoard/port.o
 .comment       0x00000000       0x31 ../SampleTasks/SampleTasks.o

.ARM.attributes
                0x00000000       0x35
 .ARM.attributes
                0x00000000       0x37 ../../Source/portable/GCC/OMAP3_BeagleBoard/portISR.o
 .ARM.attributes
                0x00000037       0x37 ../Console/serialISR.o
 .ARM.attributes
                0x0000006e       0x37 main.o
 .ARM.attributes
                0x000000a5       0x37 ../Console/serial.o
 .ARM.attributes
                0x000000dc       0x37 ../Console/printk.o
 .ARM.attributes
                0x00000113       0x37 ../../Source/timers.o
 .ARM.attributes
                0x0000014a       0x37 ../../Source/tasks.o
 .ARM.attributes
                0x00000181       0x37 ../../Source/queue.o
 .ARM.attributes
                0x000001b8       0x37 ../../Source/list.o
 .ARM.attributes
                0x000001ef       0x37 ../../Source/portable/MemMang/heap_2.o
 .ARM.attributes
                0x00000226       0x37 ../../Source/portable/GCC/OMAP3_BeagleBoard/port.o
 .ARM.attributes
                0x0000025d       0x37 ../SampleTasks/SampleTasks.o
 .ARM.attributes
                0x00000294       0x25 /tmp/cclDvYRP.o
 .ARM.attributes
                0x000002b9       0x18 /home/tdwood/CodeSourcery/Sourcery_CodeBench_Lite_for_ARM_EABI/bin/../lib/gcc/arm-none-eabi/4.7.3/libgcc.a(_udivsi3.o)
 .ARM.attributes
                0x000002d1       0x18 /home/tdwood/CodeSourcery/Sourcery_CodeBench_Lite_for_ARM_EABI/bin/../lib/gcc/arm-none-eabi/4.7.3/libgcc.a(_dvmd_tls.o)
 .ARM.attributes
                0x000002e9       0x30 /home/tdwood/CodeSourcery/Sourcery_CodeBench_Lite_for_ARM_EABI/bin/../lib/gcc/arm-none-eabi/4.7.3/../../../../arm-none-eabi/lib/libc.a(lib_a-memcpy.o)
 .ARM.attributes
                0x00000319       0x30 /home/tdwood/CodeSourcery/Sourcery_CodeBench_Lite_for_ARM_EABI/bin/../lib/gcc/arm-none-eabi/4.7.3/../../../../arm-none-eabi/lib/libc.a(lib_a-memset.o)
 .ARM.attributes
                0x00000349       0x30 /home/tdwood/CodeSourcery/Sourcery_CodeBench_Lite_for_ARM_EABI/bin/../lib/gcc/arm-none-eabi/4.7.3/../../../../arm-none-eabi/lib/libc.a(lib_a-strncpy.o)

.debug_frame    0x00000000      0xa70
 .debug_frame   0x00000000       0x70 ../../Source/portable/GCC/OMAP3_BeagleBoard/portISR.o
 .debug_frame   0x00000070       0x50 ../Console/serialISR.o
 .debug_frame   0x000000c0       0x40 main.o
 .debug_frame   0x00000100       0x70 ../Console/serial.o
 .debug_frame   0x00000170       0xa0 ../Console/printk.o
 .debug_frame   0x00000210      0x158 ../../Source/timers.o
 .debug_frame   0x00000368      0x314 ../../Source/tasks.o
 .debug_frame   0x0000067c      0x184 ../../Source/queue.o
 .debug_frame   0x00000800       0x74 ../../Source/list.o
 .debug_frame   0x00000874       0x60 ../../Source/portable/MemMang/heap_2.o
 .debug_frame   0x000008d4       0x60 ../../Source/portable/GCC/OMAP3_BeagleBoard/port.o
 .debug_frame   0x00000934       0x98 ../SampleTasks/SampleTasks.o
 .debug_frame   0x000009cc       0x20 /home/tdwood/CodeSourcery/Sourcery_CodeBench_Lite_for_ARM_EABI/bin/../lib/gcc/arm-none-eabi/4.7.3/libgcc.a(_udivsi3.o)
 .debug_frame   0x000009ec       0x30 /home/tdwood/CodeSourcery/Sourcery_CodeBench_Lite_for_ARM_EABI/bin/../lib/gcc/arm-none-eabi/4.7.3/../../../../arm-none-eabi/lib/libc.a(lib_a-memcpy.o)
 .debug_frame   0x00000a1c       0x28 /home/tdwood/CodeSourcery/Sourcery_CodeBench_Lite_for_ARM_EABI/bin/../lib/gcc/arm-none-eabi/4.7.3/../../../../arm-none-eabi/lib/libc.a(lib_a-memset.o)
 .debug_frame   0x00000a44       0x2c /home/tdwood/CodeSourcery/Sourcery_CodeBench_Lite_for_ARM_EABI/bin/../lib/gcc/arm-none-eabi/4.7.3/../../../../arm-none-eabi/lib/libc.a(lib_a-strncpy.o)

.debug_loc      0x00000000      0xe6f
 .debug_loc     0x00000000       0x58 ../Console/serialISR.o
 .debug_loc     0x00000058       0x4c main.o
 .debug_loc     0x000000a4       0xb0 ../Console/serial.o
 .debug_loc     0x00000154       0xf3 ../Console/printk.o
 .debug_loc     0x00000247      0x244 ../../Source/timers.o
 .debug_loc     0x0000048b      0x500 ../../Source/tasks.o
 .debug_loc     0x0000098b      0x29c ../../Source/queue.o
 .debug_loc     0x00000c27       0xa0 ../../Source/list.o
 .debug_loc     0x00000cc7       0x58 ../../Source/portable/MemMang/heap_2.o
 .debug_loc     0x00000d1f       0x60 ../../Source/portable/GCC/OMAP3_BeagleBoard/port.o
 .debug_loc     0x00000d7f       0xf0 ../SampleTasks/SampleTasks.o

.debug_ranges   0x00000000       0x20
 .debug_ranges  0x00000000       0x20 /tmp/cclDvYRP.o
